Component: Arm Compiler for Embedded 6.19 Tool: armlink [5e73cb00]

==============================================================================

Section Cross References

    startup_stm32f103xe.o(RESET) refers to startup_stm32f103xe.o(STACK) for __initial_sp
    startup_stm32f103xe.o(RESET) refers to startup_stm32f103xe.o(.text) for Reset_Handler
    startup_stm32f103xe.o(RESET) refers to stm32f1xx_it.o(.text.NMI_Handler) for NMI_Handler
    startup_stm32f103xe.o(RESET) refers to stm32f1xx_it.o(.text.HardFault_Handler) for HardFault_Handler
    startup_stm32f103xe.o(RESET) refers to stm32f1xx_it.o(.text.MemManage_Handler) for MemManage_Handler
    startup_stm32f103xe.o(RESET) refers to stm32f1xx_it.o(.text.BusFault_Handler) for BusFault_Handler
    startup_stm32f103xe.o(RESET) refers to stm32f1xx_it.o(.text.UsageFault_Handler) for UsageFault_Handler
    startup_stm32f103xe.o(RESET) refers to stm32f1xx_it.o(.text.SVC_Handler) for SVC_Handler
    startup_stm32f103xe.o(RESET) refers to stm32f1xx_it.o(.text.DebugMon_Handler) for DebugMon_Handler
    startup_stm32f103xe.o(RESET) refers to stm32f1xx_it.o(.text.PendSV_Handler) for PendSV_Handler
    startup_stm32f103xe.o(RESET) refers to stm32f1xx_it.o(.text.SysTick_Handler) for SysTick_Handler
    startup_stm32f103xe.o(RESET) refers to stm32f1xx_it.o(.text.DMA1_Channel4_IRQHandler) for DMA1_Channel4_IRQHandler
    startup_stm32f103xe.o(RESET) refers to stm32f1xx_it.o(.text.DMA1_Channel5_IRQHandler) for DMA1_Channel5_IRQHandler
    startup_stm32f103xe.o(RESET) refers to stm32f1xx_it.o(.text.TIM4_IRQHandler) for TIM4_IRQHandler
    startup_stm32f103xe.o(RESET) refers to stm32f1xx_it.o(.text.USART1_IRQHandler) for USART1_IRQHandler
    startup_stm32f103xe.o(.text) refers to system_stm32f1xx.o(.text.SystemInit) for SystemInit
    startup_stm32f103xe.o(.text) refers to entry.o(.ARM.Collect$$$$00000000) for __main
    main.o(.text.main) refers to stm32f1xx_hal.o(.text.HAL_Init) for HAL_Init
    main.o(.text.main) refers to main.o(.text.SystemClock_Config) for SystemClock_Config
    main.o(.text.main) refers to gpio.o(.text.MX_GPIO_Init) for MX_GPIO_Init
    main.o(.text.main) refers to dma.o(.text.MX_DMA_Init) for MX_DMA_Init
    main.o(.text.main) refers to usart.o(.text.MX_USART1_UART_Init) for MX_USART1_UART_Init
    main.o(.text.main) refers to tim.o(.text.MX_TIM4_Init) for MX_TIM4_Init
    main.o(.text.main) refers to user.o(.text.user_setup) for user_setup
    main.o(.text.main) refers to user.o(.text.user_loop) for user_loop
    main.o(.ARM.exidx.text.main) refers to main.o(.text.main) for [Anonymous Symbol]
    main.o(.text.SystemClock_Config) refers to memseta.o(.text) for __aeabi_memclr4
    main.o(.text.SystemClock_Config) refers to stm32f1xx_hal_rcc.o(.text.HAL_RCC_OscConfig) for HAL_RCC_OscConfig
    main.o(.text.SystemClock_Config) refers to main.o(.text.Error_Handler) for Error_Handler
    main.o(.text.SystemClock_Config) refers to stm32f1xx_hal_rcc.o(.text.HAL_RCC_ClockConfig) for HAL_RCC_ClockConfig
    main.o(.ARM.exidx.text.SystemClock_Config) refers to main.o(.text.SystemClock_Config) for [Anonymous Symbol]
    main.o(.ARM.exidx.text.Error_Handler) refers to main.o(.text.Error_Handler) for [Anonymous Symbol]
    gpio.o(.ARM.exidx.text.MX_GPIO_Init) refers to gpio.o(.text.MX_GPIO_Init) for [Anonymous Symbol]
    dma.o(.text.MX_DMA_Init) refers to stm32f1xx_hal_cortex.o(.text.HAL_NVIC_SetPriority) for HAL_NVIC_SetPriority
    dma.o(.text.MX_DMA_Init) refers to stm32f1xx_hal_cortex.o(.text.HAL_NVIC_EnableIRQ) for HAL_NVIC_EnableIRQ
    dma.o(.ARM.exidx.text.MX_DMA_Init) refers to dma.o(.text.MX_DMA_Init) for [Anonymous Symbol]
    tim.o(.text.MX_TIM4_Init) refers to tim.o(.bss.htim4) for htim4
    tim.o(.text.MX_TIM4_Init) refers to stm32f1xx_hal_tim.o(.text.HAL_TIM_Base_Init) for HAL_TIM_Base_Init
    tim.o(.text.MX_TIM4_Init) refers to main.o(.text.Error_Handler) for Error_Handler
    tim.o(.text.MX_TIM4_Init) refers to stm32f1xx_hal_tim.o(.text.HAL_TIM_ConfigClockSource) for HAL_TIM_ConfigClockSource
    tim.o(.text.MX_TIM4_Init) refers to stm32f1xx_hal_tim_ex.o(.text.HAL_TIMEx_MasterConfigSynchronization) for HAL_TIMEx_MasterConfigSynchronization
    tim.o(.ARM.exidx.text.MX_TIM4_Init) refers to tim.o(.text.MX_TIM4_Init) for [Anonymous Symbol]
    tim.o(.text.HAL_TIM_Base_MspInit) refers to stm32f1xx_hal_cortex.o(.text.HAL_NVIC_SetPriority) for HAL_NVIC_SetPriority
    tim.o(.text.HAL_TIM_Base_MspInit) refers to stm32f1xx_hal_cortex.o(.text.HAL_NVIC_EnableIRQ) for HAL_NVIC_EnableIRQ
    tim.o(.ARM.exidx.text.HAL_TIM_Base_MspInit) refers to tim.o(.text.HAL_TIM_Base_MspInit) for [Anonymous Symbol]
    tim.o(.text.HAL_TIM_Base_MspDeInit) refers to stm32f1xx_hal_cortex.o(.text.HAL_NVIC_DisableIRQ) for HAL_NVIC_DisableIRQ
    tim.o(.ARM.exidx.text.HAL_TIM_Base_MspDeInit) refers to tim.o(.text.HAL_TIM_Base_MspDeInit) for [Anonymous Symbol]
    usart.o(.text.MX_USART1_UART_Init) refers to usart.o(.bss.huart1) for huart1
[...]
    Removing stm32f1xx_hal_uart.o(.text.HAL_UART_AbortTransmit_IT), (194 bytes).
    Removing stm32f1xx_hal_uart.o(.ARM.exidx.text.HAL_UART_AbortTransmit_IT), (8 bytes).
    Removing stm32f1xx_hal_uart.o(.text.UART_DMATxOnlyAbortCallback), (36 bytes).
    Removing stm32f1xx_hal_uart.o(.ARM.exidx.text.UART_DMATxOnlyAbortCallback), (8 bytes).
    Removing stm32f1xx_hal_uart.o(.text.HAL_UART_AbortTransmitCpltCallback), (8 bytes).
    Removing stm32f1xx_hal_uart.o(.ARM.exidx.text.HAL_UART_AbortTransmitCpltCallback), (8 bytes).
    Removing stm32f1xx_hal_uart.o(.text.HAL_UART_AbortReceive_IT), (290 bytes).
    Removing stm32f1xx_hal_uart.o(.ARM.exidx.text.HAL_UART_AbortReceive_IT), (8 bytes).
    Removing stm32f1xx_hal_uart.o(.text.UART_DMARxOnlyAbortCallback), (40 bytes).
    Removing stm32f1xx_hal_uart.o(.ARM.exidx.text.UART_DMARxOnlyAbortCallback), (8 bytes).
    Removing stm32f1xx_hal_uart.o(.text.HAL_UART_AbortReceiveCpltCallback), (8 bytes).
    Removing stm32f1xx_hal_uart.o(.ARM.exidx.text.HAL_UART_AbortReceiveCpltCallback), (8 bytes).
    Removing stm32f1xx_hal_uart.o(.ARM.exidx.text.HAL_UART_IRQHandler), (8 bytes).
    Removing stm32f1xx_hal_uart.o(.ARM.exidx.text.UART_Receive_IT), (8 bytes).
    Removing stm32f1xx_hal_uart.o(.ARM.exidx.text.UART_DMAAbortOnError), (8 bytes).
    Removing stm32f1xx_hal_uart.o(.ARM.exidx.text.HAL_UART_ErrorCallback), (8 bytes).
    Removing stm32f1xx_hal_uart.o(.text.HAL_UARTEx_RxEventCallback), (12 bytes).
    Removing stm32f1xx_hal_uart.o(.ARM.exidx.text.HAL_UARTEx_RxEventCallback), (8 bytes).
    Removing stm32f1xx_hal_uart.o(.ARM.exidx.text.UART_Transmit_IT), (8 bytes).
    Removing stm32f1xx_hal_uart.o(.ARM.exidx.text.UART_EndTransmit_IT), (8 bytes).
    Removing stm32f1xx_hal_uart.o(.text.HAL_UART_TxCpltCallback), (8 bytes).
    Removing stm32f1xx_hal_uart.o(.ARM.exidx.text.HAL_UART_TxCpltCallback), (8 bytes).
    Removing stm32f1xx_hal_uart.o(.ARM.exidx.text.HAL_UART_TxHalfCpltCallback), (8 bytes).
    Removing stm32f1xx_hal_uart.o(.ARM.exidx.text.HAL_UART_RxCpltCallback), (8 bytes).
    Removing stm32f1xx_hal_uart.o(.ARM.exidx.text.HAL_UART_RxHalfCpltCallback), (8 bytes).
    Removing stm32f1xx_hal_uart.o(.text.HAL_LIN_SendBreak), (120 bytes).
    Removing stm32f1xx_hal_uart.o(.ARM.exidx.text.HAL_LIN_SendBreak), (8 bytes).
    Removing stm32f1xx_hal_uart.o(.text.HAL_MultiProcessor_EnterMuteMode), (126 bytes).
    Removing stm32f1xx_hal_uart.o(.ARM.exidx.text.HAL_MultiProcessor_EnterMuteMode), (8 bytes).
    Removing stm32f1xx_hal_uart.o(.text.HAL_MultiProcessor_ExitMuteMode), (126 bytes).
    Removing stm32f1xx_hal_uart.o(.ARM.exidx.text.HAL_MultiProcessor_ExitMuteMode), (8 bytes).
    Removing stm32f1xx_hal_uart.o(.text.HAL_HalfDuplex_EnableTransmitter), (118 bytes).
    Removing stm32f1xx_hal_uart.o(.ARM.exidx.text.HAL_HalfDuplex_EnableTransmitter), (8 bytes).
    Removing stm32f1xx_hal_uart.o(.text.HAL_HalfDuplex_EnableReceiver), (118 bytes).
    Removing stm32f1xx_hal_uart.o(.ARM.exidx.text.HAL_HalfDuplex_EnableReceiver), (8 bytes).
    Removing stm32f1xx_hal_uart.o(.text.HAL_UART_GetState), (40 bytes).
    Removing stm32f1xx_hal_uart.o(.ARM.exidx.text.HAL_UART_GetState), (8 bytes).
    Removing stm32f1xx_hal_uart.o(.text.HAL_UART_GetError), (12 bytes).
    Removing stm32f1xx_hal_uart.o(.ARM.exidx.text.HAL_UART_GetError), (8 bytes).
    Removing stm32f1xx_hal_uart.o(.ARM.exidx.text.UART_DMAReceiveCplt), (8 bytes).
    Removing stm32f1xx_hal_uart.o(.ARM.exidx.text.UART_DMARxHalfCplt), (8 bytes).
    Removing system_stm32f1xx.o(.text), (0 bytes).
    Removing system_stm32f1xx.o(.ARM.exidx.text.SystemInit), (8 bytes).
    Removing system_stm32f1xx.o(.text.SystemCoreClockUpdate), (290 bytes).
    Removing system_stm32f1xx.o(.ARM.exidx.text.SystemCoreClockUpdate), (8 bytes).
    Removing serial.o(.text), (0 bytes).
    Removing serial.o(.ARM.exidx.text.UART_DMA_Init), (8 bytes).
    Removing serial.o(.ARM.exidx.text.UART_Driver_Init), (8 bytes).
    Removing serial.o(.ARM.exidx.text.UART_SendData), (8 bytes).
    Removing serial.o(.ARM.exidx.text.HAL_UART_TxCpltCallback), (8 bytes).
    Removing serial.o(.ARM.exidx.text.HAL_UARTEx_RxEventCallback), (8 bytes).
    Removing serial.o(.text.__io_putchar), (32 bytes).
    Removing serial.o(.ARM.exidx.text.__io_putchar), (8 bytes).
    Removing serial.o(.bss.send_buffer), (256 bytes).
    Removing driver.o(.text), (0 bytes).
    Removing driver.o(.ARM.exidx.text.init_driver), (8 bytes).
    Removing ringqueue.o(.text), (0 bytes).
    Removing ringqueue.o(.ARM.exidx.text.ringqueue_init), (8 bytes).
    Removing ringqueue.o(.ARM.exidx.text.ringqueue_is_empty), (8 bytes).
    Removing ringqueue.o(.ARM.exidx.text.ringqueue_is_full), (8 bytes).
    Removing ringqueue.o(.ARM.exidx.text.ringqueue_write), (8 bytes).
    Removing ringqueue.o(.ARM.exidx.text.ringqueue_read), (8 bytes).
    Removing ringqueue.o(.text.ringqueue_clear), (34 bytes).
    Removing ringqueue.o(.ARM.exidx.text.ringqueue_clear), (8 bytes).
    Removing ringqueue.o(.text.ringqueue_available), (36 bytes).
    Removing ringqueue.o(.ARM.exidx.text.ringqueue_available), (8 bytes).
    Removing user.o(.text), (0 bytes).
    Removing user.o(.ARM.exidx.text.user_setup), (8 bytes).
    Removing user.o(.ARM.exidx.text.Display_GrapDate), (8 bytes).
    Removing user.o(.ARM.exidx.text.user_loop), (8 bytes).
    Removing protocol.o(.text), (0 bytes).
    Removing protocol.o(.ARM.exidx.text.DaCai_protocol), (8 bytes).
    Removing protocol.o(.ARM.exidx.text.DaCai_protocol_analysis), (8 bytes).
    Removing notify.o(.text), (0 bytes).
    Removing notify.o(.ARM.exidx.text.NotifyButton), (8 bytes).
    Removing notify.o(.ARM.exidx.text.NotifyText), (8 bytes).
    Removing sendmessage.o(.text), (0 bytes).
    Removing sendmessage.o(.ARM.exidx.text.Dacai_Send), (8 bytes).
    Removing sendmessage.o(.ARM.exidx.text.Send_Command), (8 bytes).
    Removing sendmessage.o(.ARM.exidx.text.Send_EndCommand), (8 bytes).
    Removing sendmessage.o(.ARM.exidx.text.SendTextInt32), (8 bytes).
    Removing sendmessage.o(.text.SendTextFloat), (128 bytes).
    Removing sendmessage.o(.ARM.exidx.text.SendTextFloat), (8 bytes).
    Removing sendmessage.o(.ARM.exidx.text.SendTextString), (8 bytes).
    Removing sendmessage.o(.ARM.exidx.text.String), (8 bytes).
    Removing sendmessage.o(.text.SendNdata), (62 bytes).
    Removing sendmessage.o(.ARM.exidx.text.SendNdata), (8 bytes).
    Removing sendmessage.o(.text.SendGrapDate), (94 bytes).
    Removing sendmessage.o(.ARM.exidx.text.SendGrapDate), (8 bytes).
    Removing sendmessage.o(.ARM.exidx.text.SendHistoryData), (8 bytes).
    Removing sys_task.o(.text), (0 bytes).
    Removing sys_task.o(.ARM.exidx.text.sys_task_create), (8 bytes).
    Removing sys_task.o(.ARM.exidx.text.sys_task_start), (8 bytes).
    Removing sys_task.o(.text.sys_task_stop), (14 bytes).
    Removing sys_task.o(.ARM.exidx.text.sys_task_stop), (8 bytes).
    Removing sys_task.o(.ARM.exidx.text.sys_task_process), (8 bytes).
    Removing sys_time.o(.text), (0 bytes).
    Removing sys_time.o(.ARM.exidx.text.Sys_Tick_Count), (8 bytes).
    Removing sys_time.o(.ARM.exidx.text.Get_Sys_Tick), (8 bytes).
    Removing sys_time.o(.ARM.exidx.text.Is_Timeout), (8 bytes).

797 unused section(s) (total 56416 bytes) removed from the image.

==============================================================================

Image Symbol Table

    Local Symbols

    Symbol Name                              Value     Ov Type        Size  Object(Section)

    ../clib/../cmprslib/lz77c.c              0x00000000   Number         0  __dclz77c.o ABSOLUTE
    ../clib/division.s                       0x00000000   Number         0  aeabi_sdiv.o ABSOLUTE
    ../clib/microlib/division.c              0x00000000   Number         0  uidiv.o ABSOLUTE
    ../clib/microlib/division.c              0x00000000   Number         0  uldiv.o ABSOLUTE
    ../clib/microlib/init/entry.s            0x00000000   Number         0  entry.o ABSOLUTE
    ../clib/microlib/init/entry.s            0x00000000   Number         0  entry2.o ABSOLUTE
    ../clib/microlib/init/entry.s            0x00000000   Number         0  entry5.o ABSOLUTE
    ../clib/microlib/init/entry.s            0x00000000   Number         0  entry7a.o ABSOLUTE
    ../clib/microlib/init/entry.s            0x00000000   Number         0  entry7b.o ABSOLUTE
    ../clib/microlib/init/entry.s            0x00000000   Number         0  entry8a.o ABSOLUTE
    ../clib/microlib/init/entry.s            0x00000000   Number         0  entry8b.o ABSOLUTE
    ../clib/microlib/init/entry.s            0x00000000   Number         0  entry9a.o ABSOLUTE
    ../clib/microlib/init/entry.s            0x00000000   Number         0  entry9b.o ABSOLUTE
    ../clib/microlib/init/entry.s            0x00000000   Number         0  entry10a.o ABSOLUTE
    ../clib/microlib/init/entry.s            0x00000000   Number         0  entry10b.o ABSOLUTE
    ../clib/microlib/init/entry.s            0x00000000   Number         0  entry11a.o ABSOLUTE
    ../clib/microlib/init/entry.s            0x00000000   Number         0  entry11b.o ABSOLUTE
    ../clib/microlib/longlong.c              0x00000000   Number         0  llshl.o ABSOLUTE
    ../clib/microlib/longlong.c              0x00000000   Number         0  llushr.o ABSOLUTE
    ../clib/microlib/longlong.c              0x00000000   Number         0  llsshr.o ABSOLUTE
    ../clib/microlib/printf/printf.c         0x00000000   Number         0  printfa.o ABSOLUTE
    ../clib/microlib/stdio/fputc.c           0x00000000   Number         0  fputc.o ABSOLUTE
    ../clib/microlib/stdio/fputc.c           0x00000000   Number         0  fputc_h.o ABSOLUTE
    ../clib/microlib/stdio/semi.s            0x00000000   Number         0  semi.o ABSOLUTE
    ../clib/microlib/stdio/streams.c         0x00000000   Number         0  stdout.o ABSOLUTE
    ../clib/microlib/string/memcpy.c         0x00000000   Number         0  memcpya.o ABSOLUTE
    ../clib/microlib/string/memcpy.c         0x00000000   Number         0  memcpyb.o ABSOLUTE
    ../clib/microlib/string/memset.c         0x00000000   Number         0  memseta.o ABSOLUTE
    ../clib/microlib/stubs.s                 0x00000000   Number         0  iusefp.o ABSOLUTE
    ../clib/microlib/stubs.s                 0x00000000   Number         0  iusesemip.o ABSOLUTE
    ../fplib/microlib/fpadd.c                0x00000000   Number         0  dadd.o ABSOLUTE
    ../fplib/microlib/fpdiv.c                0x00000000   Number         0  ddiv.o ABSOLUTE
    ../fplib/microlib/fpepilogue.c           0x00000000   Number         0  depilogue.o ABSOLUTE
    ../fplib/microlib/fpfix.c                0x00000000   Number         0  dfixul.o ABSOLUTE
    ../fplib/microlib/fpmul.c                0x00000000   Number         0  dmul.o ABSOLUTE
    Notify.c                                 0x00000000   Number         0  notify.o ABSOLUTE
    SendMessage.c                            0x00000000   Number         0  sendmessage.o ABSOLUTE
    cdrcmple.s                               0x00000000   Number         0  cdrcmple.o ABSOLUTE
    dc.s                                     0x00000000   Number         0  dc.o ABSOLUTE
    dma.c                                    0x00000000   Number         0  dma.o ABSOLUTE
    driver.c                                 0x00000000   Number         0  driver.o ABSOLUTE
    gpio.c                                   0x00000000   Number         0  gpio.o ABSOLUTE
    handlers.s                               0x00000000   Number         0  handlers.o ABSOLUTE
    init.s                                   0x00000000   Number         0  init.o ABSOLUTE
    main.c                                   0x00000000   Number         0  main.o ABSOLUTE
    protocol.c                               0x00000000   Number         0  protocol.o ABSOLUTE
    ringqueue.c                              0x00000000   Number         0  ringqueue.o ABSOLUTE
    serial.c                                 0x00000000   Number         0  serial.o ABSOLUTE
    startup_stm32f103xe.s                    0x00000000   Number         0  startup_stm32f103xe.o ABSOLUTE
    stm32f1xx_hal.c                          0x00000000   Number         0  stm32f1xx_hal.o ABSOLUTE
    stm32f1xx_hal_cortex.c                   0x00000000   Number         0  stm32f1xx_hal_cortex.o ABSOLUTE
    stm32f1xx_hal_dma.c                      0x00000000   Number         0  stm32f1xx_hal_dma.o ABSOLUTE
    stm32f1xx_hal_exti.c                     0x00000000   Number         0  stm32f1xx_hal_exti.o ABSOLUTE
    stm32f1xx_hal_flash.c                    0x00000000   Number         0  stm32f1xx_hal_flash.o ABSOLUTE
    stm32f1xx_hal_flash_ex.c                 0x00000000   Number         0  stm32f1xx_hal_flash_ex.o ABSOLUTE
    stm32f1xx_hal_gpio.c                     0x00000000   Number         0  stm32f1xx_hal_gpio.o ABSOLUTE
    stm32f1xx_hal_gpio_ex.c                  0x00000000   Number         0  stm32f1xx_hal_gpio_ex.o ABSOLUTE
    stm32f1xx_hal_msp.c                      0x00000000   Number         0  stm32f1xx_hal_msp.o ABSOLUTE
    stm32f1xx_hal_pwr.c                      0x00000000   Number         0  stm32f1xx_hal_pwr.o ABSOLUTE
    stm32f1xx_hal_rcc.c                      0x00000000   Number         0  stm32f1xx_hal_rcc.o ABSOLUTE
    stm32f1xx_hal_rcc_ex.c                   0x00000000   Number         0  stm32f1xx_hal_rcc_ex.o ABSOLUTE
    stm32f1xx_hal_tim.c                      0x00000000   Number         0  stm32f1xx_hal_tim.o ABSOLUTE
    stm32f1xx_hal_tim_ex.c                   0x00000000   Number         0  stm32f1xx_hal_tim_ex.o ABSOLUTE
    stm32f1xx_hal_uart.c                     0x00000000   Number         0  stm32f1xx_hal_uart.o ABSOLUTE
    stm32f1xx_it.c                           0x00000000   Number         0  stm32f1xx_it.o ABSOLUTE
    sys_task.c                               0x00000000   Number         0  sys_task.o ABSOLUTE
    sys_time.c                               0x00000000   Number         0  sys_time.o ABSOLUTE
    system_stm32f1xx.c                       0x00000000   Number         0  system_stm32f1xx.o ABSOLUTE
    tim.c                                    0x00000000   Number         0  tim.o ABSOLUTE
    usart.c                                  0x00000000   Number         0  usart.o ABSOLUTE
    user.c                                   0x00000000   Number         0  user.o ABSOLUTE
    RESET                                    0x08000000   Section      304  startup_stm32f103xe.o(RESET)
    .ARM.Collect$$$$00000000                 0x08000130   Section        0  entry.o(.ARM.Collect$$$$00000000)
    .ARM.Collect$$$$00000001                 0x08000130   Section        4  entry2.o(.ARM.Collect$$$$00000001)
    .ARM.Collect$$$$00000004                 0x08000134   Section        4  entry5.o(.ARM.Collect$$$$00000004)
    .ARM.Collect$$$$00000008                 0x08000138   Section        0  entry7b.o(.ARM.Collect$$$$00000008)
    .ARM.Collect$$$$0000000A                 0x08000138   Section        0  entry8b.o(.ARM.Collect$$$$0000000A)
    .ARM.Collect$$$$0000000B                 0x08000138   Section        8  entry9a.o(.ARM.Collect$$$$0000000B)
    __lit__00000000                          0x08000140   Data           4  entry2.o(.ARM.Collect$$$$00002712)
    .ARM.Collect$$$$0000000D                 0x08000140   Section        0  entry10a.o(.ARM.Collect$$$$0000000D)
    .ARM.Collect$$$$0000000F                 0x08000140   Section        0  entry11a.o(.ARM.Collect$$$$0000000F)
    .ARM.Collect$$$$00002712                 0x08000140   Section        4  entry2.o(.ARM.Collect$$$$00002712)
    .text                                    0x08000144   Section       36  startup_stm32f103xe.o(.text)
    .text                                    0x08000168   Section        0  memcpya.o(.text)
    .text                                    0x0800018c   Section        0  memseta.o(.text)
    .text                                    0x080001b0   Section        0  uidiv.o(.text)
    .text                                    0x080001dc   Section        0  uldiv.o(.text)
    .text                                    0x0800023e   Section        0  iusefp.o(.text)
    .text                                    0x0800023e   Section        0  dadd.o(.text)
    .text                                    0x0800038c   Section        0  dmul.o(.text)
    .text                                    0x08000470   Section        0  ddiv.o(.text)
    .text                                    0x0800054e   Section        0  dfixul.o(.text)
    .text                                    0x08000580   Section       48  cdrcmple.o(.text)
    .text                                    0x080005b0   Section       36  init.o(.text)
    .text                                    0x080005d4   Section        0  semi.o(.text)
    .text                                    0x080005d4   Section        0  llshl.o(.text)
    .text                                    0x080005f2   Section        0  llushr.o(.text)
    .text                                    0x08000612   Section        0  llsshr.o(.text)
    .text                                    0x08000636   Section        0  iusesemip.o(.text)
    .text                                    0x08000636   Section        0  depilogue.o(.text)
    .text                                    0x080006f0   Section        0  __dclz77c.o(.text)
    [Anonymous Symbol]                       0x08000750   Section        0  stm32f1xx_it.o(.text.BusFault_Handler)
    [Anonymous Symbol]                       0x08000754   Section        0  stm32f1xx_it.o(.text.DMA1_Channel4_IRQHandler)
    [Anonymous Symbol]                       0x08000764   Section        0  stm32f1xx_it.o(.text.DMA1_Channel5_IRQHandler)
    DMA_SetConfig                            0x08000775   Thumb Code    80  stm32f1xx_hal_dma.o(.text.DMA_SetConfig)
    [Anonymous Symbol]                       0x08000774   Section        0  stm32f1xx_hal_dma.o(.text.DMA_SetConfig)
    [Anonymous Symbol]                       0x080007c4   Section        0  protocol.o(.text.DaCai_protocol)
    [Anonymous Symbol]                       0x080009b4   Section        0  protocol.o(.text.DaCai_protocol_analysis)
    [Anonymous Symbol]                       0x08000a14   Section        0  sendmessage.o(.text.Dacai_Send)
    [Anonymous Symbol]                       0x08000a34   Section        0  stm32f1xx_it.o(.text.DebugMon_Handler)
    [Anonymous Symbol]                       0x08000a38   Section        0  user.o(.text.Display_GrapDate)
    [Anonymous Symbol]                       0x08000aa8   Section        0  main.o(.text.Error_Handler)
    [Anonymous Symbol]                       0x08000ab8   Section        0  sys_time.o(.text.Get_Sys_Tick)
    [Anonymous Symbol]                       0x08000ac4   Section        0  stm32f1xx_hal_dma.o(.text.HAL_DMA_Abort)
    [Anonymous Symbol]                       0x08000b40   Section        0  stm32f1xx_hal_dma.o(.text.HAL_DMA_Abort_IT)
    [Anonymous Symbol]                       0x08000e58   Section        0  stm32f1xx_hal_dma.o(.text.HAL_DMA_IRQHandler)
    [Anonymous Symbol]                       0x080014dc   Section        0  stm32f1xx_hal_dma.o(.text.HAL_DMA_Init)
    [Anonymous Symbol]                       0x080015d0   Section        0  stm32f1xx_hal_dma.o(.text.HAL_DMA_Start_IT)
    [Anonymous Symbol]                       0x0800169c   Section        0  stm32f1xx_hal_gpio.o(.text.HAL_GPIO_Init)
    [Anonymous Symbol]                       0x080019f4   Section        0  stm32f1xx_hal.o(.text.HAL_GetTick)
    [Anonymous Symbol]                       0x08001a00   Section        0  stm32f1xx_hal.o(.text.HAL_IncTick)
    [Anonymous Symbol]                       0x08001a1c   Section        0  stm32f1xx_hal.o(.text.HAL_Init)
    [Anonymous Symbol]                       0x08001a44   Section        0  stm32f1xx_hal.o(.text.HAL_InitTick)
    [Anonymous Symbol]                       0x08001ab4   Section        0  stm32f1xx_hal_msp.o(.text.HAL_MspInit)
    [Anonymous Symbol]                       0x08001b18   Section        0  stm32f1xx_hal_cortex.o(.text.HAL_NVIC_DisableIRQ)
    [Anonymous Symbol]                       0x08001b2c   Section        0  stm32f1xx_hal_cortex.o(.text.HAL_NVIC_EnableIRQ)
    [Anonymous Symbol]                       0x08001b40   Section        0  stm32f1xx_hal_cortex.o(.text.HAL_NVIC_SetPriority)
    [Anonymous Symbol]                       0x08001b74   Section        0  stm32f1xx_hal_cortex.o(.text.HAL_NVIC_SetPriorityGrouping)
    [Anonymous Symbol]                       0x08001b84   Section        0  stm32f1xx_hal_rcc.o(.text.HAL_RCC_ClockConfig)
    [Anonymous Symbol]                       0x08001ddc   Section        0  stm32f1xx_hal_rcc.o(.text.HAL_RCC_GetHCLKFreq)
    [Anonymous Symbol]                       0x08001de8   Section        0  stm32f1xx_hal_rcc.o(.text.HAL_RCC_GetPCLK1Freq)
    [Anonymous Symbol]                       0x08001e0c   Section        0  stm32f1xx_hal_rcc.o(.text.HAL_RCC_GetPCLK2Freq)
    [Anonymous Symbol]                       0x08001e30   Section        0  stm32f1xx_hal_rcc.o(.text.HAL_RCC_GetSysClockFreq)
    [Anonymous Symbol]                       0x08001eec   Section        0  stm32f1xx_hal_rcc.o(.text.HAL_RCC_OscConfig)
    [Anonymous Symbol]                       0x08002568   Section        0  stm32f1xx_hal_cortex.o(.text.HAL_SYSTICK_Config)
    [Anonymous Symbol]                       0x08002578   Section        0  stm32f1xx_hal_tim_ex.o(.text.HAL_TIMEx_BreakCallback)
    [Anonymous Symbol]                       0x08002580   Section        0  stm32f1xx_hal_tim_ex.o(.text.HAL_TIMEx_CommutCallback)
    [Anonymous Symbol]                       0x08002588   Section        0  stm32f1xx_hal_tim_ex.o(.text.HAL_TIMEx_MasterConfigSynchronization)
    [Anonymous Symbol]                       0x08002688   Section        0  stm32f1xx_hal_tim.o(.text.HAL_TIM_Base_Init)
    [Anonymous Symbol]                       0x08002724   Section        0  tim.o(.text.HAL_TIM_Base_MspInit)
    [Anonymous Symbol]                       0x08002774   Section        0  stm32f1xx_hal_tim.o(.text.HAL_TIM_ConfigClockSource)
    [Anonymous Symbol]                       0x080028f8   Section        0  stm32f1xx_hal_tim.o(.text.HAL_TIM_IC_CaptureCallback)
    [Anonymous Symbol]                       0x08002900   Section        0  stm32f1xx_hal_tim.o(.text.HAL_TIM_IRQHandler)
    [Anonymous Symbol]                       0x08002b1c   Section        0  stm32f1xx_hal_tim.o(.text.HAL_TIM_OC_DelayElapsedCallback)
    [Anonymous Symbol]                       0x08002b24   Section        0  stm32f1xx_hal_tim.o(.text.HAL_TIM_PWM_PulseFinishedCallback)
    [Anonymous Symbol]                       0x08002b2c   Section        0  stm32f1xx_hal_tim.o(.text.HAL_TIM_PeriodElapsedCallback)
    [Anonymous Symbol]                       0x08002b34   Section        0  stm32f1xx_hal_tim.o(.text.HAL_TIM_TriggerCallback)
    [Anonymous Symbol]                       0x08002b3c   Section        0  stm32f1xx_hal_uart.o(.text.HAL_UARTEx_ReceiveToIdle_DMA)
    [Anonymous Symbol]                       0x08002bf4   Section        0  serial.o(.text.HAL_UARTEx_RxEventCallback)
    [Anonymous Symbol]                       0x08002ca4   Section        0  stm32f1xx_hal_uart.o(.text.HAL_UART_ErrorCallback)
    [Anonymous Symbol]                       0x08002cac   Section        0  stm32f1xx_hal_uart.o(.text.HAL_UART_IRQHandler)
    [Anonymous Symbol]                       0x080030d8   Section        0  stm32f1xx_hal_uart.o(.text.HAL_UART_Init)
    [Anonymous Symbol]                       0x08003178   Section        0  usart.o(.text.HAL_UART_MspInit)
    [Anonymous Symbol]                       0x080032b4   Section        0  stm32f1xx_hal_uart.o(.text.HAL_UART_RxCpltCallback)
    [Anonymous Symbol]                       0x080032bc   Section        0  stm32f1xx_hal_uart.o(.text.HAL_UART_RxHalfCpltCallback)
    [Anonymous Symbol]                       0x080032c4   Section        0  stm32f1xx_hal_uart.o(.text.HAL_UART_Transmit_DMA)
    [Anonymous Symbol]                       0x080033a8   Section        0  serial.o(.text.HAL_UART_TxCpltCallback)
    [Anonymous Symbol]                       0x08003444   Section        0  stm32f1xx_hal_uart.o(.text.HAL_UART_TxHalfCpltCallback)
    [Anonymous Symbol]                       0x0800344c   Section        0  stm32f1xx_it.o(.text.HardFault_Handler)
    [Anonymous Symbol]                       0x08003450   Section        0  sys_time.o(.text.Is_Timeout)
    [Anonymous Symbol]                       0x08003478   Section        0  dma.o(.text.MX_DMA_Init)
    [Anonymous Symbol]                       0x080034c4   Section        0  gpio.o(.text.MX_GPIO_Init)
    [Anonymous Symbol]                       0x08003508   Section        0  tim.o(.text.MX_TIM4_Init)
    [Anonymous Symbol]                       0x0800358c   Section        0  usart.o(.text.MX_USART1_UART_Init)
    [Anonymous Symbol]                       0x080035cc   Section        0  stm32f1xx_it.o(.text.MemManage_Handler)
    [Anonymous Symbol]                       0x080035d0   Section        0  stm32f1xx_it.o(.text.NMI_Handler)
    NVIC_EncodePriority                      0x080035d5   Thumb Code   108  stm32f1xx_hal_cortex.o(.text.NVIC_EncodePriority)
    [Anonymous Symbol]                       0x080035d4   Section        0  stm32f1xx_hal_cortex.o(.text.NVIC_EncodePriority)
    [Anonymous Symbol]                       0x08003640   Section        0  notify.o(.text.NotifyButton)
    [Anonymous Symbol]                       0x08003674   Section        0  notify.o(.text.NotifyText)
    [Anonymous Symbol]                       0x080036b0   Section        0  stm32f1xx_it.o(.text.PendSV_Handler)
    RCC_Delay                                0x080036b5   Thumb Code    58  stm32f1xx_hal_rcc.o(.text.RCC_Delay)
    [Anonymous Symbol]                       0x080036b4   Section        0  stm32f1xx_hal_rcc.o(.text.RCC_Delay)
    [Anonymous Symbol]                       0x080036f0   Section        0  stm32f1xx_it.o(.text.SVC_Handler)
    [Anonymous Symbol]                       0x080036f4   Section        0  sendmessage.o(.text.SendHistoryData)
    [Anonymous Symbol]                       0x0800376c   Section        0  sendmessage.o(.text.SendTextInt32)
    [Anonymous Symbol]                       0x080037e4   Section        0  sendmessage.o(.text.SendTextString)
    [Anonymous Symbol]                       0x08003810   Section        0  sendmessage.o(.text.Send_Command)
    [Anonymous Symbol]                       0x08003864   Section        0  sendmessage.o(.text.Send_EndCommand)
    String                                   0x08003889   Thumb Code    34  sendmessage.o(.text.String)
    [Anonymous Symbol]                       0x08003888   Section        0  sendmessage.o(.text.String)
    SysTick_Config                           0x080038ad   Thumb Code    82  stm32f1xx_hal_cortex.o(.text.SysTick_Config)
    [Anonymous Symbol]                       0x080038ac   Section        0  stm32f1xx_hal_cortex.o(.text.SysTick_Config)
    [Anonymous Symbol]                       0x08003900   Section        0  stm32f1xx_it.o(.text.SysTick_Handler)
    [Anonymous Symbol]                       0x0800390c   Section        0  sys_time.o(.text.Sys_Tick_Count)
    [Anonymous Symbol]                       0x0800391c   Section        0  main.o(.text.SystemClock_Config)
    [Anonymous Symbol]                       0x08003988   Section        0  system_stm32f1xx.o(.text.SystemInit)
    [Anonymous Symbol]                       0x0800398c   Section        0  stm32f1xx_it.o(.text.TIM4_IRQHandler)
    [Anonymous Symbol]                       0x0800399c   Section        0  stm32f1xx_hal_tim.o(.text.TIM_Base_SetConfig)
    [Anonymous Symbol]                       0x08003af4   Section        0  stm32f1xx_hal_tim.o(.text.TIM_ETR_SetConfig)
    TIM_ITRx_SetConfig                       0x08003b29   Thumb Code    42  stm32f1xx_hal_tim.o(.text.TIM_ITRx_SetConfig)
    [Anonymous Symbol]                       0x08003b28   Section        0  stm32f1xx_hal_tim.o(.text.TIM_ITRx_SetConfig)
    TIM_TI1_ConfigInputStage                 0x08003b55   Thumb Code    80  stm32f1xx_hal_tim.o(.text.TIM_TI1_ConfigInputStage)
    [Anonymous Symbol]                       0x08003b54   Section        0  stm32f1xx_hal_tim.o(.text.TIM_TI1_ConfigInputStage)
    TIM_TI2_ConfigInputStage                 0x08003ba5   Thumb Code    82  stm32f1xx_hal_tim.o(.text.TIM_TI2_ConfigInputStage)
    [Anonymous Symbol]                       0x08003ba4   Section        0  stm32f1xx_hal_tim.o(.text.TIM_TI2_ConfigInputStage)
    UART_DMAAbortOnError                     0x08003bf9   Thumb Code    32  stm32f1xx_hal_uart.o(.text.UART_DMAAbortOnError)
    [Anonymous Symbol]                       0x08003bf8   Section        0  stm32f1xx_hal_uart.o(.text.UART_DMAAbortOnError)
    UART_DMAError                            0x08003c19   Thumb Code   124  stm32f1xx_hal_uart.o(.text.UART_DMAError)
    [Anonymous Symbol]                       0x08003c18   Section        0  stm32f1xx_hal_uart.o(.text.UART_DMAError)
    UART_DMAReceiveCplt                      0x08003c95   Thumb Code   244  stm32f1xx_hal_uart.o(.text.UART_DMAReceiveCplt)
    [Anonymous Symbol]                       0x08003c94   Section        0  stm32f1xx_hal_uart.o(.text.UART_DMAReceiveCplt)
    UART_DMARxHalfCplt                       0x08003d89   Thumb Code    52  stm32f1xx_hal_uart.o(.text.UART_DMARxHalfCplt)
    [Anonymous Symbol]                       0x08003d88   Section        0  stm32f1xx_hal_uart.o(.text.UART_DMARxHalfCplt)
    UART_DMATransmitCplt                     0x08003dbd   Thumb Code   122  stm32f1xx_hal_uart.o(.text.UART_DMATransmitCplt)
    [Anonymous Symbol]                       0x08003dbc   Section        0  stm32f1xx_hal_uart.o(.text.UART_DMATransmitCplt)
    UART_DMATxHalfCplt                       0x08003e39   Thumb Code    22  stm32f1xx_hal_uart.o(.text.UART_DMATxHalfCplt)
    [Anonymous Symbol]                       0x08003e38   Section        0  stm32f1xx_hal_uart.o(.text.UART_DMATxHalfCplt)
    [Anonymous Symbol]                       0x08003e50   Section        0  serial.o(.text.UART_DMA_Init)
    [Anonymous Symbol]                       0x08003e6c   Section        0  serial.o(.text.UART_Driver_Init)
    UART_EndRxTransfer                       0x08003e95   Thumb Code   148  stm32f1xx_hal_uart.o(.text.UART_EndRxTransfer)
    [Anonymous Symbol]                       0x08003e94   Section        0  stm32f1xx_hal_uart.o(.text.UART_EndRxTransfer)
    UART_EndTransmit_IT                      0x08003f29   Thumb Code    38  stm32f1xx_hal_uart.o(.text.UART_EndTransmit_IT)
    [Anonymous Symbol]                       0x08003f28   Section        0  stm32f1xx_hal_uart.o(.text.UART_EndTransmit_IT)
    UART_EndTxTransfer                       0x08003f51   Thumb Code    54  stm32f1xx_hal_uart.o(.text.UART_EndTxTransfer)
    [Anonymous Symbol]                       0x08003f50   Section        0  stm32f1xx_hal_uart.o(.text.UART_EndTxTransfer)
    UART_Receive_IT                          0x08003f89   Thumb Code   362  stm32f1xx_hal_uart.o(.text.UART_Receive_IT)
    [Anonymous Symbol]                       0x08003f88   Section        0  stm32f1xx_hal_uart.o(.text.UART_Receive_IT)
    [Anonymous Symbol]                       0x080040f4   Section        0  serial.o(.text.UART_SendData)
    UART_SetConfig                           0x080041e9   Thumb Code   186  stm32f1xx_hal_uart.o(.text.UART_SetConfig)
    [Anonymous Symbol]                       0x080041e8   Section        0  stm32f1xx_hal_uart.o(.text.UART_SetConfig)
    [Anonymous Symbol]                       0x080042a4   Section        0  stm32f1xx_hal_uart.o(.text.UART_Start_Receive_DMA)
    UART_Transmit_IT                         0x080043b1   Thumb Code   148  stm32f1xx_hal_uart.o(.text.UART_Transmit_IT)
    [Anonymous Symbol]                       0x080043b0   Section        0  stm32f1xx_hal_uart.o(.text.UART_Transmit_IT)
    [Anonymous Symbol]                       0x08004444   Section        0  stm32f1xx_it.o(.text.USART1_IRQHandler)
    [Anonymous Symbol]                       0x08004454   Section        0  stm32f1xx_it.o(.text.UsageFault_Handler)
    __NVIC_DisableIRQ                        0x08004459   Thumb Code    56  stm32f1xx_hal_cortex.o(.text.__NVIC_DisableIRQ)
    [Anonymous Symbol]                       0x08004458   Section        0  stm32f1xx_hal_cortex.o(.text.__NVIC_DisableIRQ)
    __NVIC_EnableIRQ                         0x08004491   Thumb Code    48  stm32f1xx_hal_cortex.o(.text.__NVIC_EnableIRQ)
    [Anonymous Symbol]                       0x08004490   Section        0  stm32f1xx_hal_cortex.o(.text.__NVIC_EnableIRQ)
    __NVIC_GetPriorityGrouping               0x080044c1   Thumb Code    16  stm32f1xx_hal_cortex.o(.text.__NVIC_GetPriorityGrouping)
    [Anonymous Symbol]                       0x080044c0   Section        0  stm32f1xx_hal_cortex.o(.text.__NVIC_GetPriorityGrouping)
    __NVIC_SetPriority                       0x080044d1   Thumb Code    66  stm32f1xx_hal_cortex.o(.text.__NVIC_SetPriority)
    [Anonymous Symbol]                       0x080044d0   Section        0  stm32f1xx_hal_cortex.o(.text.__NVIC_SetPriority)
    __NVIC_SetPriorityGrouping               0x08004515   Thumb Code    60  stm32f1xx_hal_cortex.o(.text.__NVIC_SetPriorityGrouping)
    [Anonymous Symbol]                       0x08004514   Section        0  stm32f1xx_hal_cortex.o(.text.__NVIC_SetPriorityGrouping)
    [Anonymous Symbol]                       0x08004550   Section        0  driver.o(.text.init_driver)
    [Anonymous Symbol]                       0x08004560   Section        0  main.o(.text.main)
    [Anonymous Symbol]                       0x0800458c   Section        0  ringqueue.o(.text.ringqueue_init)
    [Anonymous Symbol]                       0x080045a4   Section        0  ringqueue.o(.text.ringqueue_is_empty)
    [Anonymous Symbol]                       0x080045b8   Section        0  ringqueue.o(.text.ringqueue_is_full)
    [Anonymous Symbol]                       0x080045d0   Section        0  ringqueue.o(.text.ringqueue_read)
    [Anonymous Symbol]                       0x08004628   Section        0  ringqueue.o(.text.ringqueue_write)
    [Anonymous Symbol]                       0x0800468c   Section        0  sys_task.o(.text.sys_task_create)
    [Anonymous Symbol]                       0x08004710   Section        0  sys_task.o(.text.sys_task_process)
    [Anonymous Symbol]                       0x08004760   Section        0  sys_task.o(.text.sys_task_start)
    [Anonymous Symbol]                       0x08004770   Section        0  user.o(.text.user_loop)
    [Anonymous Symbol]                       0x08004778   Section        0  user.o(.text.user_setup)
    i.__0printf                              0x080047c4   Section        0  printfa.o(i.__0printf)
    i.__scatterload_copy                     0x080047e4   Section       14  handlers.o(i.__scatterload_copy)
    i.__scatterload_null                     0x080047f2   Section        2  handlers.o(i.__scatterload_null)
    i.__scatterload_zeroinit                 0x080047f4   Section       14  handlers.o(i.__scatterload_zeroinit)
    _fp_digits                               0x08004805   Thumb Code   366  printfa.o(i._fp_digits)
    i._fp_digits                             0x08004804   Section        0  printfa.o(i._fp_digits)
    _printf_core                             0x08004989   Thumb Code  1744  printfa.o(i._printf_core)
    i._printf_core                           0x08004988   Section        0  printfa.o(i._printf_core)
    _printf_post_padding                     0x08005065   Thumb Code    36  printfa.o(i._printf_post_padding)
    i._printf_post_padding                   0x08005064   Section        0  printfa.o(i._printf_post_padding)
    _printf_pre_padding                      0x08005089   Thumb Code    46  printfa.o(i._printf_pre_padding)
    i._printf_pre_padding                    0x08005088   Section        0  printfa.o(i._printf_pre_padding)
    i.fputc                                  0x080050b6   Section        0  fputc.o(i.fputc)
    HAL_RCC_GetSysClockFreq.aPLLMULFactorTable 0x080050e0   Data          16  stm32f1xx_hal_rcc.o(.rodata.HAL_RCC_GetSysClockFreq.aPLLMULFactorTable)
    [Anonymous Symbol]                       0x080050e0   Section        0  stm32f1xx_hal_rcc.o(.rodata.HAL_RCC_GetSysClockFreq.aPLLMULFactorTable)
    HAL_RCC_GetSysClockFreq.aPredivFactorTable 0x080050f0   Data           2  stm32f1xx_hal_rcc.o(.rodata.HAL_RCC_GetSysClockFreq.aPredivFactorTable)
    [Anonymous Symbol]                       0x080050f0   Section        0  stm32f1xx_hal_rcc.o(.rodata.HAL_RCC_GetSysClockFreq.aPredivFactorTable)
    .L.str                                   0x080050f2   Data          13  user.o(.rodata.str1.1)
    [Anonymous Symbol]                       0x080050f2   Section        0  user.o(.rodata.str1.1)
    .L.str                                   0x080050ff   Data          36  protocol.o(.rodata.str1.1)
    [Anonymous Symbol]                       0x080050ff   Section        0  protocol.o(.rodata.str1.1)
    .data                                    0x20000000   Section        4  stdout.o(.data)
    sin                                      0x20000008   Data        1024  user.o(.data.sin)
    [Anonymous Symbol]                       0x20000008   Section        0  user.o(.data.sin)
    UART_SendData.buffer                     0x2000043c   Data         256  serial.o(.bss.UART_SendData.buffer)
    [Anonymous Symbol]                       0x2000043c   Section        0  serial.o(.bss.UART_SendData.buffer)
    num                                      0x20000870   Data           4  user.o(.bss.num)
    [Anonymous Symbol]                       0x20000870   Section        0  user.o(.bss.num)
    sys_tick                                 0x20000878   Data           2  sys_time.o(.bss.sys_tick)
    [Anonymous Symbol]                       0x20000878   Section        0  sys_time.o(.bss.sys_tick)
    STACK                                    0x20000a30   Section     1024  startup_stm32f103xe.o(STACK)

    Global Symbols

    Symbol Name                              Value     Ov Type        Size  Object(Section)

    BuildAttributes$$THM_ISAv4$P$D$K$B$S$PE$A:L22UL41UL21$X:L11$S22US41US21$IEEE1$IW$~IW$USESV6$~STKCKD$USESV7$~SHL$OSPACE$ROPI$EBA8$MICROLIB$REQ8$PRES8$EABIv2 0x00000000   Number         0  anon$$obj.o ABSOLUTE
    __cpp_initialize__aeabi_                  - Undefined Weak Reference
    __cxa_finalize                            - Undefined Weak Reference
    _clock_init                               - Undefined Weak Reference
    _microlib_exit                            - Undefined Weak Reference
    __Vectors_Size                           0x00000130   Number         0  startup_stm32f103xe.o ABSOLUTE
    __Vectors                                0x08000000   Data           4  startup_stm32f103xe.o(RESET)
    __Vectors_End                            0x08000130   Data           0  startup_stm32f103xe.o(RESET)
    __main                                   0x08000131   Thumb Code     0  entry.o(.ARM.Collect$$$$00000000)
    _main_stk                                0x08000131   Thumb Code     0  entry2.o(.ARM.Collect$$$$00000001)
    _main_scatterload                        0x08000135   Thumb Code     0  entry5.o(.ARM.Collect$$$$00000004)
    __main_after_scatterload                 0x08000139   Thumb Code     0  entry5.o(.ARM.Collect$$$$00000004)
    _main_clock                              0x08000139   Thumb Code     0  entry7b.o(.ARM.Collect$$$$00000008)
    _main_cpp_init                           0x08000139   Thumb Code     0  entry8b.o(.ARM.Collect$$$$0000000A)
    _main_init                               0x08000139   Thumb Code     0  entry9a.o(.ARM.Collect$$$$0000000B)
    __rt_final_cpp                           0x08000141   Thumb Code     0  entry10a.o(.ARM.Collect$$$$0000000D)
    __rt_final_exit                          0x08000141   Thumb Code     0  entry11a.o(.ARM.Collect$$$$0000000F)
    Reset_Handler                            0x08000145   Thumb Code     8  startup_stm32f103xe.o(.text)
    ADC1_2_IRQHandler                        0x0800015f   Thumb Code     0  startup_stm32f103xe.o(.text)
    ADC3_IRQHandler                          0x0800015f   Thumb Code     0  startup_stm32f103xe.o(.text)
    CAN1_RX1_IRQHandler                      0x0800015f   Thumb Code     0  startup_stm32f103xe.o(.text)
    CAN1_SCE_IRQHandler                      0x0800015f   Thumb Code     0  startup_stm32f103xe.o(.text)
    DMA1_Channel1_IRQHandler                 0x0800015f   Thumb Code     0  startup_stm32f103xe.o(.text)
    DMA1_Channel2_IRQHandler                 0x0800015f   Thumb Code     0  startup_stm32f103xe.o(.text)
    DMA1_Channel3_IRQHandler                 0x0800015f   Thumb Code     0  startup_stm32f103xe.o(.text)
    DMA1_Channel6_IRQHandler                 0x0800015f   Thumb Code     0  startup_stm32f103xe.o(.text)
    DMA1_Channel7_IRQHandler                 0x0800015f   Thumb Code     0  startup_stm32f103xe.o(.text)
    DMA2_Channel1_IRQHandler                 0x0800015f   Thumb Code     0  startup_stm32f103xe.o(.text)
    DMA2_Channel2_IRQHandler                 0x0800015f   Thumb Code     0  startup_stm32f103xe.o(.text)
    DMA2_Channel3_IRQHandler                 0x0800015f   Thumb Code     0  startup_stm32f103xe.o(.text)
    DMA2_Channel4_5_IRQHandler               0x0800015f   Thumb Code     0  startup_stm32f103xe.o(.text)
    EXTI0_IRQHandler                         0x0800015f   Thumb Code     0  startup_stm32f103xe.o(.text)
    EXTI15_10_IRQHandler                     0x0800015f   Thumb Code     0  startup_stm32f103xe.o(.text)
    EXTI1_IRQHandler                         0x0800015f   Thumb Code     0  startup_stm32f103xe.o(.text)
    EXTI2_IRQHandler                         0x0800015f   Thumb Code     0  startup_stm32f103xe.o(.text)
    EXTI3_IRQHandler                         0x0800015f   Thumb Code     0  startup_stm32f103xe.o(.text)
    EXTI4_IRQHandler                         0x0800015f   Thumb Code     0  startup_stm32f103xe.o(.text)
    EXTI9_5_IRQHandler                       0x0800015f   Thumb Code     0  startup_stm32f103xe.o(.text)
    FLASH_IRQHandler                         0x0800015f   Thumb Code     0  startup_stm32f103xe.o(.text)
    FSMC_IRQHandler                          0x0800015f   Thumb Code     0  startup_stm32f103xe.o(.text)
    I2C1_ER_IRQHandler                       0x0800015f   Thumb Code     0  startup_stm32f103xe.o(.text)
    I2C1_EV_IRQHandler                       0x0800015f   Thumb Code     0  startup_stm32f103xe.o(.text)
    I2C2_ER_IRQHandler                       0x0800015f   Thumb Code     0  startup_stm32f103xe.o(.text)
    I2C2_EV_IRQHandler                       0x0800015f   Thumb Code     0  startup_stm32f103xe.o(.text)
    PVD_IRQHandler                           0x0800015f   Thumb Code     0  startup_stm32f103xe.o(.text)
    RCC_IRQHandler                           0x0800015f   Thumb Code     0  startup_stm32f103xe.o(.text)
    RTC_Alarm_IRQHandler                     0x0800015f   Thumb Code     0  startup_stm32f103xe.o(.text)
    RTC_IRQHandler                           0x0800015f   Thumb Code     0  startup_stm32f103xe.o(.text)
    SDIO_IRQHandler                          0x0800015f   Thumb Code     0  startup_stm32f103xe.o(.text)
    SPI1_IRQHandler                          0x0800015f   Thumb Code     0  startup_stm32f103xe.o(.text)
    SPI2_IRQHandler                          0x0800015f   Thumb Code     0  startup_stm32f103xe.o(.text)
    SPI3_IRQHandler                          0x0800015f   Thumb Code     0  startup_stm32f103xe.o(.text)
    TAMPER_IRQHandler                        0x0800015f   Thumb Code     0  startup_stm32f103xe.o(.text)
    TIM1_BRK_IRQHandler                      0x0800015f   Thumb Code     0  startup_stm32f103xe.o(.text)
    TIM1_CC_IRQHandler                       0x0800015f   Thumb Code     0  startup_stm32f103xe.o(.text)
    TIM1_TRG_COM_IRQHandler                  0x0800015f   Thumb Code     0  startup_stm32f103xe.o(.text)
    TIM1_UP_IRQHandler                       0x0800015f   Thumb Code     0  startup_stm32f103xe.o(.text)
    TIM2_IRQHandler                          0x0800015f   Thumb Code     0  startup_stm32f103xe.o(.text)
    TIM3_IRQHandler                          0x0800015f   Thumb Code     0  startup_stm32f103xe.o(.text)
    TIM5_IRQHandler                          0x0800015f   Thumb Code     0  startup_stm32f103xe.o(.text)
    TIM6_IRQHandler                          0x0800015f   Thumb Code     0  startup_stm32f103xe.o(.text)
    TIM7_IRQHandler                          0x0800015f   Thumb Code     0  startup_stm32f103xe.o(.text)
    TIM8_BRK_IRQHandler                      0x0800015f   Thumb Code     0  startup_stm32f103xe.o(.text)
    TIM8_CC_IRQHandler                       0x0800015f   Thumb Code     0  startup_stm32f103xe.o(.text)
    TIM8_TRG_COM_IRQHandler                  0x0800015f   Thumb Code     0  startup_stm32f103xe.o(.text)
    TIM8_UP_IRQHandler                       0x0800015f   Thumb Code     0  startup_stm32f103xe.o(.text)
    UART4_IRQHandler                         0x0800015f   Thumb Code     0  startup_stm32f103xe.o(.text)
    UART5_IRQHandler                         0x0800015f   Thumb Code     0  startup_stm32f103xe.o(.text)
    USART2_IRQHandler                        0x0800015f   Thumb Code     0  startup_stm32f103xe.o(.text)
    USART3_IRQHandler                        0x0800015f   Thumb Code     0  startup_stm32f103xe.o(.text)
    USBWakeUp_IRQHandler                     0x0800015f   Thumb Code     0  startup_stm32f103xe.o(.text)
    USB_HP_CAN1_TX_IRQHandler                0x0800015f   Thumb Code     0  startup_stm32f103xe.o(.text)
    USB_LP_CAN1_RX0_IRQHandler               0x0800015f   Thumb Code     0  startup_stm32f103xe.o(.text)
    WWDG_IRQHandler                          0x0800015f   Thumb Code     0  startup_stm32f103xe.o(.text)
    __aeabi_memcpy                           0x08000169   Thumb Code    36  memcpya.o(.text)
    __aeabi_memcpy4                          0x08000169   Thumb Code     0  memcpya.o(.text)
    __aeabi_memcpy8                          0x08000169   Thumb Code     0  memcpya.o(.text)
    __aeabi_memset                           0x0800018d   Thumb Code    14  memseta.o(.text)
    __aeabi_memset4                          0x0800018d   Thumb Code     0  memseta.o(.text)
    __aeabi_memset8                          0x0800018d   Thumb Code     0  memseta.o(.text)
    __aeabi_memclr                           0x0800019b   Thumb Code     4  memseta.o(.text)
    __aeabi_memclr4                          0x0800019b   Thumb Code     0  memseta.o(.text)
    __aeabi_memclr8                          0x0800019b   Thumb Code     0  memseta.o(.text)
    _memset$wrapper                          0x0800019f   Thumb Code    18  memseta.o(.text)
    __aeabi_uidiv                            0x080001b1   Thumb Code     0  uidiv.o(.text)
    __aeabi_uidivmod                         0x080001b1   Thumb Code    44  uidiv.o(.text)
    __aeabi_uldivmod                         0x080001dd   Thumb Code    98  uldiv.o(.text)
    __I$use$fp                               0x0800023f   Thumb Code     0  iusefp.o(.text)
    __aeabi_dadd                             0x0800023f   Thumb Code   322  dadd.o(.text)
    __aeabi_dsub                             0x08000381   Thumb Code     6  dadd.o(.text)
    __aeabi_drsub                            0x08000387   Thumb Code     6  dadd.o(.text)
    __aeabi_dmul                             0x0800038d   Thumb Code   228  dmul.o(.text)
    __aeabi_ddiv                             0x08000471   Thumb Code   222  ddiv.o(.text)
    __aeabi_d2ulz                            0x0800054f   Thumb Code    48  dfixul.o(.text)
    __aeabi_cdrcmple                         0x08000581   Thumb Code    48  cdrcmple.o(.text)
    __scatterload                            0x080005b1   Thumb Code    28  init.o(.text)
    __scatterload_rt2                        0x080005b1   Thumb Code     0  init.o(.text)
    __aeabi_llsl                             0x080005d5   Thumb Code    30  llshl.o(.text)
    __semihosting_library_function           0x080005d5   Thumb Code     0  semi.o(.text)
    _ll_shift_l                              0x080005d5   Thumb Code     0  llshl.o(.text)
    __aeabi_llsr                             0x080005f3   Thumb Code    32  llushr.o(.text)
    _ll_ushift_r                             0x080005f3   Thumb Code     0  llushr.o(.text)
    __aeabi_lasr                             0x08000613   Thumb Code    36  llsshr.o(.text)
    _ll_sshift_r                             0x08000613   Thumb Code     0  llsshr.o(.text)
    __I$use$semihosting$fputc                0x08000637   Thumb Code     0  iusesemip.o(.text)
    _double_round                            0x08000637   Thumb Code    30  depilogue.o(.text)
    _double_epilogue                         0x08000655   Thumb Code   156  depilogue.o(.text)
    __decompress                             0x080006f1   Thumb Code     0  __dclz77c.o(.text)
    __decompress2                            0x080006f1   Thumb Code    94  __dclz77c.o(.text)
    BusFault_Handler                         0x08000751   Thumb Code     4  stm32f1xx_it.o(.text.BusFault_Handler)
    DMA1_Channel4_IRQHandler                 0x08000755   Thumb Code    16  stm32f1xx_it.o(.text.DMA1_Channel4_IRQHandler)
    DMA1_Channel5_IRQHandler                 0x08000765   Thumb Code    16  stm32f1xx_it.o(.text.DMA1_Channel5_IRQHandler)
    DaCai_protocol                           0x080007c5   Thumb Code   496  protocol.o(.text.DaCai_protocol)
    DaCai_protocol_analysis                  0x080009b5   Thumb Code    96  protocol.o(.text.DaCai_protocol_analysis)
    Dacai_Send                               0x08000a15   Thumb Code    32  sendmessage.o(.text.Dacai_Send)
    DebugMon_Handler                         0x08000a35   Thumb Code     2  stm32f1xx_it.o(.text.DebugMon_Handler)
    Display_GrapDate                         0x08000a39   Thumb Code   110  user.o(.text.Display_GrapDate)
    Error_Handler                            0x08000aa9   Thumb Code    14  main.o(.text.Error_Handler)
    Get_Sys_Tick                             0x08000ab9   Thumb Code    12  sys_time.o(.text.Get_Sys_Tick)
    HAL_DMA_Abort                            0x08000ac5   Thumb Code   124  stm32f1xx_hal_dma.o(.text.HAL_DMA_Abort)
    HAL_DMA_Abort_IT                         0x08000b41   Thumb Code   792  stm32f1xx_hal_dma.o(.text.HAL_DMA_Abort_IT)
    HAL_DMA_IRQHandler                       0x08000e59   Thumb Code  1668  stm32f1xx_hal_dma.o(.text.HAL_DMA_IRQHandler)
    HAL_DMA_Init                             0x080014dd   Thumb Code   244  stm32f1xx_hal_dma.o(.text.HAL_DMA_Init)
    HAL_DMA_Start_IT                         0x080015d1   Thumb Code   202  stm32f1xx_hal_dma.o(.text.HAL_DMA_Start_IT)
    HAL_GPIO_Init                            0x0800169d   Thumb Code   854  stm32f1xx_hal_gpio.o(.text.HAL_GPIO_Init)
    HAL_GetTick                              0x080019f5   Thumb Code    12  stm32f1xx_hal.o(.text.HAL_GetTick)
    HAL_IncTick                              0x08001a01   Thumb Code    26  stm32f1xx_hal.o(.text.HAL_IncTick)
    HAL_Init                                 0x08001a1d   Thumb Code    38  stm32f1xx_hal.o(.text.HAL_Init)
    HAL_InitTick                             0x08001a45   Thumb Code   112  stm32f1xx_hal.o(.text.HAL_InitTick)
    HAL_MspInit                              0x08001ab5   Thumb Code   100  stm32f1xx_hal_msp.o(.text.HAL_MspInit)
    HAL_NVIC_DisableIRQ                      0x08001b19   Thumb Code    20  stm32f1xx_hal_cortex.o(.text.HAL_NVIC_DisableIRQ)
    HAL_NVIC_EnableIRQ                       0x08001b2d   Thumb Code    20  stm32f1xx_hal_cortex.o(.text.HAL_NVIC_EnableIRQ)
    HAL_NVIC_SetPriority                     0x08001b41   Thumb Code    50  stm32f1xx_hal_cortex.o(.text.HAL_NVIC_SetPriority)
    HAL_NVIC_SetPriorityGrouping             0x08001b75   Thumb Code    16  stm32f1xx_hal_cortex.o(.text.HAL_NVIC_SetPriorityGrouping)
    HAL_RCC_ClockConfig                      0x08001b85   Thumb Code   598  stm32f1xx_hal_rcc.o(.text.HAL_RCC_ClockConfig)
    HAL_RCC_GetHCLKFreq                      0x08001ddd   Thumb Code    12  stm32f1xx_hal_rcc.o(.text.HAL_RCC_GetHCLKFreq)
    HAL_RCC_GetPCLK1Freq                     0x08001de9   Thumb Code    34  stm32f1xx_hal_rcc.o(.text.HAL_RCC_GetPCLK1Freq)
    HAL_RCC_GetPCLK2Freq                     0x08001e0d   Thumb Code    34  stm32f1xx_hal_rcc.o(.text.HAL_RCC_GetPCLK2Freq)
    HAL_RCC_GetSysClockFreq                  0x08001e31   Thumb Code   188  stm32f1xx_hal_rcc.o(.text.HAL_RCC_GetSysClockFreq)
    HAL_RCC_OscConfig                        0x08001eed   Thumb Code  1658  stm32f1xx_hal_rcc.o(.text.HAL_RCC_OscConfig)
    HAL_SYSTICK_Config                       0x08002569   Thumb Code    16  stm32f1xx_hal_cortex.o(.text.HAL_SYSTICK_Config)
    HAL_TIMEx_BreakCallback                  0x08002579   Thumb Code     8  stm32f1xx_hal_tim_ex.o(.text.HAL_TIMEx_BreakCallback)
    HAL_TIMEx_CommutCallback                 0x08002581   Thumb Code     8  stm32f1xx_hal_tim_ex.o(.text.HAL_TIMEx_CommutCallback)
    HAL_TIMEx_MasterConfigSynchronization    0x08002589   Thumb Code   256  stm32f1xx_hal_tim_ex.o(.text.HAL_TIMEx_MasterConfigSynchronization)
    HAL_TIM_Base_Init                        0x08002689   Thumb Code   156  stm32f1xx_hal_tim.o(.text.HAL_TIM_Base_Init)
    HAL_TIM_Base_MspInit                     0x08002725   Thumb Code    78  tim.o(.text.HAL_TIM_Base_MspInit)
    HAL_TIM_ConfigClockSource                0x08002775   Thumb Code   388  stm32f1xx_hal_tim.o(.text.HAL_TIM_ConfigClockSource)
    HAL_TIM_IC_CaptureCallback               0x080028f9   Thumb Code     8  stm32f1xx_hal_tim.o(.text.HAL_TIM_IC_CaptureCallback)
    HAL_TIM_IRQHandler                       0x08002901   Thumb Code   538  stm32f1xx_hal_tim.o(.text.HAL_TIM_IRQHandler)
    HAL_TIM_OC_DelayElapsedCallback          0x08002b1d   Thumb Code     8  stm32f1xx_hal_tim.o(.text.HAL_TIM_OC_DelayElapsedCallback)
    HAL_TIM_PWM_PulseFinishedCallback        0x08002b25   Thumb Code     8  stm32f1xx_hal_tim.o(.text.HAL_TIM_PWM_PulseFinishedCallback)
    HAL_TIM_PeriodElapsedCallback            0x08002b2d   Thumb Code     8  stm32f1xx_hal_tim.o(.text.HAL_TIM_PeriodElapsedCallback)
    HAL_TIM_TriggerCallback                  0x08002b35   Thumb Code     8  stm32f1xx_hal_tim.o(.text.HAL_TIM_TriggerCallback)
    HAL_UARTEx_ReceiveToIdle_DMA             0x08002b3d   Thumb Code   184  stm32f1xx_hal_uart.o(.text.HAL_UARTEx_ReceiveToIdle_DMA)
    HAL_UARTEx_RxEventCallback               0x08002bf5   Thumb Code   176  serial.o(.text.HAL_UARTEx_RxEventCallback)
    HAL_UART_ErrorCallback                   0x08002ca5   Thumb Code     8  stm32f1xx_hal_uart.o(.text.HAL_UART_ErrorCallback)
    HAL_UART_IRQHandler                      0x08002cad   Thumb Code  1066  stm32f1xx_hal_uart.o(.text.HAL_UART_IRQHandler)
    HAL_UART_Init                            0x080030d9   Thumb Code   158  stm32f1xx_hal_uart.o(.text.HAL_UART_Init)
    HAL_UART_MspInit                         0x08003179   Thumb Code   316  usart.o(.text.HAL_UART_MspInit)
    HAL_UART_RxCpltCallback                  0x080032b5   Thumb Code     8  stm32f1xx_hal_uart.o(.text.HAL_UART_RxCpltCallback)
    HAL_UART_RxHalfCpltCallback              0x080032bd   Thumb Code     8  stm32f1xx_hal_uart.o(.text.HAL_UART_RxHalfCpltCallback)
    HAL_UART_Transmit_DMA                    0x080032c5   Thumb Code   226  stm32f1xx_hal_uart.o(.text.HAL_UART_Transmit_DMA)
    HAL_UART_TxCpltCallback                  0x080033a9   Thumb Code   156  serial.o(.text.HAL_UART_TxCpltCallback)
    HAL_UART_TxHalfCpltCallback              0x08003445   Thumb Code     8  stm32f1xx_hal_uart.o(.text.HAL_UART_TxHalfCpltCallback)
    HardFault_Handler                        0x0800344d   Thumb Code     4  stm32f1xx_it.o(.text.HardFault_Handler)
    Is_Timeout                               0x08003451   Thumb Code    40  sys_time.o(.text.Is_Timeout)
    MX_DMA_Init                              0x08003479   Thumb Code    76  dma.o(.text.MX_DMA_Init)
    MX_GPIO_Init                             0x080034c5   Thumb Code    66  gpio.o(.text.MX_GPIO_Init)
    MX_TIM4_Init                             0x08003509   Thumb Code   132  tim.o(.text.MX_TIM4_Init)
    MX_USART1_UART_Init                      0x0800358d   Thumb Code    64  usart.o(.text.MX_USART1_UART_Init)
    MemManage_Handler                        0x080035cd   Thumb Code     4  stm32f1xx_it.o(.text.MemManage_Handler)
    NMI_Handler                              0x080035d1   Thumb Code     4  stm32f1xx_it.o(.text.NMI_Handler)
    NotifyButton                             0x08003641   Thumb Code    52  notify.o(.text.NotifyButton)
    NotifyText                               0x08003675   Thumb Code    60  notify.o(.text.NotifyText)
    PendSV_Handler                           0x080036b1   Thumb Code     2  stm32f1xx_it.o(.text.PendSV_Handler)
    SVC_Handler                              0x080036f1   Thumb Code     2  stm32f1xx_it.o(.text.SVC_Handler)
    SendHistoryData                          0x080036f5   Thumb Code   118  sendmessage.o(.text.SendHistoryData)
    SendTextInt32                            0x0800376d   Thumb Code   118  sendmessage.o(.text.SendTextInt32)
    SendTextString                           0x080037e5   Thumb Code    44  sendmessage.o(.text.SendTextString)
    Send_Command                             0x08003811   Thumb Code    84  sendmessage.o(.text.Send_Command)
    Send_EndCommand                          0x08003865   Thumb Code    36  sendmessage.o(.text.Send_EndCommand)
    SysTick_Handler                          0x08003901   Thumb Code    12  stm32f1xx_it.o(.text.SysTick_Handler)
    Sys_Tick_Count                           0x0800390d   Thumb Code    16  sys_time.o(.text.Sys_Tick_Count)
    SystemClock_Config                       0x0800391d   Thumb Code   108  main.o(.text.SystemClock_Config)
    SystemInit                               0x08003989   Thumb Code     2  system_stm32f1xx.o(.text.SystemInit)
    TIM4_IRQHandler                          0x0800398d   Thumb Code    16  stm32f1xx_it.o(.text.TIM4_IRQHandler)
    TIM_Base_SetConfig                       0x0800399d   Thumb Code   342  stm32f1xx_hal_tim.o(.text.TIM_Base_SetConfig)
    TIM_ETR_SetConfig                        0x08003af5   Thumb Code    52  stm32f1xx_hal_tim.o(.text.TIM_ETR_SetConfig)
    UART_DMA_Init                            0x08003e51   Thumb Code    28  serial.o(.text.UART_DMA_Init)
    UART_Driver_Init                         0x08003e6d   Thumb Code    40  serial.o(.text.UART_Driver_Init)
    UART_SendData                            0x080040f5   Thumb Code   244  serial.o(.text.UART_SendData)
    UART_Start_Receive_DMA                   0x080042a5   Thumb Code   268  stm32f1xx_hal_uart.o(.text.UART_Start_Receive_DMA)
    USART1_IRQHandler                        0x08004445   Thumb Code    16  stm32f1xx_it.o(.text.USART1_IRQHandler)
    UsageFault_Handler                       0x08004455   Thumb Code     4  stm32f1xx_it.o(.text.UsageFault_Handler)
    init_driver                              0x08004551   Thumb Code    16  driver.o(.text.init_driver)
    main                                     0x08004561   Thumb Code    44  main.o(.text.main)
    ringqueue_init                           0x0800458d   Thumb Code    24  ringqueue.o(.text.ringqueue_init)
    ringqueue_is_empty                       0x080045a5   Thumb Code    20  ringqueue.o(.text.ringqueue_is_empty)
    ringqueue_is_full                        0x080045b9   Thumb Code    24  ringqueue.o(.text.ringqueue_is_full)
    ringqueue_read                           0x080045d1   Thumb Code    88  ringqueue.o(.text.ringqueue_read)
    ringqueue_write                          0x08004629   Thumb Code   100  ringqueue.o(.text.ringqueue_write)
    sys_task_create                          0x0800468d   Thumb Code   130  sys_task.o(.text.sys_task_create)
    sys_task_process                         0x08004711   Thumb Code    80  sys_task.o(.text.sys_task_process)
    sys_task_start                           0x08004761   Thumb Code    14  sys_task.o(.text.sys_task_start)
    user_loop                                0x08004771   Thumb Code     8  user.o(.text.user_loop)
    user_setup                               0x08004779   Thumb Code    74  user.o(.text.user_setup)
    __0printf                                0x080047c5   Thumb Code    22  printfa.o(i.__0printf)
    __1printf                                0x080047c5   Thumb Code     0  printfa.o(i.__0printf)
    __2printf                                0x080047c5   Thumb Code     0  printfa.o(i.__0printf)
    __c89printf                              0x080047c5   Thumb Code     0  printfa.o(i.__0printf)
    printf                                   0x080047c5   Thumb Code     0  printfa.o(i.__0printf)
    __scatterload_copy                       0x080047e5   Thumb Code    14  handlers.o(i.__scatterload_copy)
    __scatterload_null                       0x080047f3   Thumb Code     2  handlers.o(i.__scatterload_null)
    __scatterload_zeroinit                   0x080047f5   Thumb Code    14  handlers.o(i.__scatterload_zeroinit)
    fputc                                    0x080050b7   Thumb Code    18  fputc.o(i.fputc)
    AHBPrescTable                            0x080050c8   Data          16  system_stm32f1xx.o(.rodata.AHBPrescTable)
    APBPrescTable                            0x080050d8   Data           8  system_stm32f1xx.o(.rodata.APBPrescTable)
    Region$$Table$$Base                      0x08005124   Number         0  anon$$obj.o(Region$$Table)
    Region$$Table$$Limit                     0x08005144   Number         0  anon$$obj.o(Region$$Table)
    __stdout                                 0x20000000   Data           4  stdout.o(.data)
    SystemCoreClock                          0x20000004   Data           4  system_stm32f1xx.o(.data.SystemCoreClock)
    uwTickFreq                               0x20000408   Data           1  stm32f1xx_hal.o(.data.uwTickFreq)
    uwTickPrio                               0x2000040c   Data           4  stm32f1xx_hal.o(.data.uwTickPrio)
    DaCai_Save_Data                          0x20000410   Data          34  protocol.o(.bss.DaCai_Save_Data)
    Threshold_test                           0x20000432   Data          10  notify.o(.bss.Threshold_test)
    hdma_usart1_rx                           0x2000053c   Data          68  usart.o(.bss.hdma_usart1_rx)
    hdma_usart1_tx                           0x20000580   Data          68  usart.o(.bss.hdma_usart1_tx)
    htim4                                    0x200005c4   Data          72  tim.o(.bss.htim4)
    huart1                                   0x2000060c   Data          72  usart.o(.bss.huart1)
    husart1__operation                       0x20000654   Data           2  serial.o(.bss.husart1__operation)
    husart_rx_rb                             0x20000658   Data         268  ringqueue.o(.bss.husart_rx_rb)
    husart_tx_rb                             0x20000764   Data         268  ringqueue.o(.bss.husart_tx_rb)
    sys_task_head                            0x20000874   Data           4  sys_task.o(.bss.sys_task_head)
    task_DaCai_protocol                      0x2000087c   Data          20  user.o(.bss.task_DaCai_protocol)
    task_Display_GrapDate                    0x20000890   Data          20  user.o(.bss.task_Display_GrapDate)
    temp_buffer                              0x200008a4   Data         128  protocol.o(.bss.temp_buffer)
    temp_buffer_index                        0x20000924   Data           4  protocol.o(.bss.temp_buffer_index)
    uart_rx_dma_buffer                       0x20000928   Data         256  serial.o(.bss.uart_rx_dma_buffer)
    uwTick                                   0x20000a28   Data           4  stm32f1xx_hal.o(.bss.uwTick)
    __initial_sp                             0x20000e30   Data           0  startup_stm32f103xe.o(STACK)



==============================================================================

Memory Map of the image

  Image Entry point : 0x08000131

  Load Region LR_IROM1 (Base: 0x08000000, Size: 0x00005558, Max: 0x00080000, ABSOLUTE, COMPRESSED[0x00005280])

    Execution Region ER_IROM1 (Exec base: 0x08000000, Load base: 0x08000000, Size: 0x00005144, Max: 0x00080000, ABSOLUTE)

    Exec Addr    Load Addr    Size         Type   Attr      Idx    E Section Name        Object

    0x08000000   0x08000000   0x00000130   Data   RO            3    RESET               startup_stm32f103xe.o
    0x08000130   0x08000130   0x00000000   Code   RO         1139  * .ARM.Collect$$$$00000000  mc_w.l(entry.o)
    0x08000130   0x08000130   0x00000004   Code   RO         1176    .ARM.Collect$$$$00000001  mc_w.l(entry2.o)
    0x08000134   0x08000134   0x00000004   Code   RO         1179    .ARM.Collect$$$$00000004  mc_w.l(entry5.o)
    0x08000138   0x08000138   0x00000000   Code   RO         1181    .ARM.Collect$$$$00000008  mc_w.l(entry7b.o)
    0x08000138   0x08000138   0x00000000   Code   RO         1183    .ARM.Collect$$$$0000000A  mc_w.l(entry8b.o)
    0x08000138   0x08000138   0x00000008   Code   RO         1184    .ARM.Collect$$$$0000000B  mc_w.l(entry9a.o)
    0x08000140   0x08000140   0x00000000   Code   RO         1186    .ARM.Collect$$$$0000000D  mc_w.l(entry10a.o)
    0x08000140   0x08000140   0x00000000   Code   RO         1188    .ARM.Collect$$$$0000000F  mc_w.l(entry11a.o)
    0x08000140   0x08000140   0x00000004   Code   RO         1177    .ARM.Collect$$$$00002712  mc_w.l(entry2.o)
    0x08000144   0x08000144   0x00000024   Code   RO            4    .text               startup_stm32f103xe.o
    0x08000168   0x08000168   0x00000024   Code   RO         1142    .text               mc_w.l(memcpya.o)
    0x0800018c   0x0800018c   0x00000024   Code   RO         1144    .text               mc_w.l(memseta.o)
    0x080001b0   0x080001b0   0x0000002c   Code   RO         1204    .text               mc_w.l(uidiv.o)
    0x080001dc   0x080001dc   0x00000062   Code   RO         1206    .text               mc_w.l(uldiv.o)
    0x0800023e   0x0800023e   0x00000000   Code   RO         1208    .text               mc_w.l(iusefp.o)
    0x0800023e   0x0800023e   0x0000014e   Code   RO         1209    .text               mf_w.l(dadd.o)
    0x0800038c   0x0800038c   0x000000e4   Code   RO         1211    .text               mf_w.l(dmul.o)
    0x08000470   0x08000470   0x000000de   Code   RO         1213    .text               mf_w.l(ddiv.o)
    0x0800054e   0x0800054e   0x00000030   Code   RO         1215    .text               mf_w.l(dfixul.o)
    0x0800057e   0x0800057e   0x00000002   PAD
    0x08000580   0x08000580   0x00000030   Code   RO         1217    .text               mf_w.l(cdrcmple.o)
    0x080005b0   0x080005b0   0x00000024   Code   RO         1219    .text               mc_w.l(init.o)
    0x080005d4   0x080005d4   0x00000000   Code   RO         1221    .text               mc_w.l(semi.o)
    0x080005d4   0x080005d4   0x0000001e   Code   RO         1222    .text               mc_w.l(llshl.o)
    0x080005f2   0x080005f2   0x00000020   Code   RO         1224    .text               mc_w.l(llushr.o)
    0x08000612   0x08000612   0x00000024   Code   RO         1226    .text               mc_w.l(llsshr.o)
    0x08000636   0x08000636   0x00000000   Code   RO         1228    .text               mc_w.l(iusesemip.o)
    0x08000636   0x08000636   0x000000ba   Code   RO         1229    .text               mf_w.l(depilogue.o)
    0x080006f0   0x080006f0   0x0000005e   Code   RO         1239    .text               mc_w.l(__dclz77c.o)
    0x0800074e   0x0800074e   0x00000002   PAD
    0x08000750   0x08000750   0x00000004   Code   RO           77    .text.BusFault_Handler  stm32f1xx_it.o
    0x08000754   0x08000754   0x00000010   Code   RO           89    .text.DMA1_Channel4_IRQHandler  stm32f1xx_it.o
    0x08000764   0x08000764   0x00000010   Code   RO           91    .text.DMA1_Channel5_IRQHandler  stm32f1xx_it.o
    0x08000774   0x08000774   0x00000050   Code   RO          604    .text.DMA_SetConfig  stm32f1xx_hal_dma.o
    0x080007c4   0x080007c4   0x000001f0   Code   RO         1056    .text.DaCai_protocol  protocol.o
    0x080009b4   0x080009b4   0x00000060   Code   RO         1058    .text.DaCai_protocol_analysis  protocol.o
    0x08000a14   0x08000a14   0x00000020   Code   RO         1083    .text.Dacai_Send    sendmessage.o
    0x08000a34   0x08000a34   0x00000002   Code   RO           83    .text.DebugMon_Handler  stm32f1xx_it.o
    0x08000a36   0x08000a36   0x00000002   PAD
    0x08000a38   0x08000a38   0x0000006e   Code   RO         1040    .text.Display_GrapDate  user.o
    0x08000aa6   0x08000aa6   0x00000002   PAD
    0x08000aa8   0x08000aa8   0x0000000e   Code   RO           15    .text.Error_Handler  main.o
    0x08000ab6   0x08000ab6   0x00000002   PAD
    0x08000ab8   0x08000ab8   0x0000000c   Code   RO         1128    .text.Get_Sys_Tick  sys_time.o
    0x08000ac4   0x08000ac4   0x0000007c   Code   RO          608    .text.HAL_DMA_Abort  stm32f1xx_hal_dma.o
    0x08000b40   0x08000b40   0x00000318   Code   RO          610    .text.HAL_DMA_Abort_IT  stm32f1xx_hal_dma.o
    0x08000e58   0x08000e58   0x00000684   Code   RO          614    .text.HAL_DMA_IRQHandler  stm32f1xx_hal_dma.o
    0x080014dc   0x080014dc   0x000000f4   Code   RO          598    .text.HAL_DMA_Init  stm32f1xx_hal_dma.o
    0x080015d0   0x080015d0   0x000000ca   Code   RO          606    .text.HAL_DMA_Start_IT  stm32f1xx_hal_dma.o
    0x0800169a   0x0800169a   0x00000002   PAD
    0x0800169c   0x0800169c   0x00000356   Code   RO          575    .text.HAL_GPIO_Init  stm32f1xx_hal_gpio.o
    0x080019f2   0x080019f2   0x00000002   PAD
    0x080019f4   0x080019f4   0x0000000c   Code   RO          473    .text.HAL_GetTick   stm32f1xx_hal.o
    0x08001a00   0x08001a00   0x0000001a   Code   RO          471    .text.HAL_IncTick   stm32f1xx_hal.o
    0x08001a1a   0x08001a1a   0x00000002   PAD
    0x08001a1c   0x08001a1c   0x00000026   Code   RO          461    .text.HAL_Init      stm32f1xx_hal.o
    0x08001a42   0x08001a42   0x00000002   PAD
    0x08001a44   0x08001a44   0x00000070   Code   RO          463    .text.HAL_InitTick  stm32f1xx_hal.o
    0x08001ab4   0x08001ab4   0x00000064   Code   RO          104    .text.HAL_MspInit   stm32f1xx_hal_msp.o
    0x08001b18   0x08001b18   0x00000014   Code   RO          647    .text.HAL_NVIC_DisableIRQ  stm32f1xx_hal_cortex.o
    0x08001b2c   0x08001b2c   0x00000014   Code   RO          643    .text.HAL_NVIC_EnableIRQ  stm32f1xx_hal_cortex.o
    0x08001b40   0x08001b40   0x00000032   Code   RO          635    .text.HAL_NVIC_SetPriority  stm32f1xx_hal_cortex.o
    0x08001b72   0x08001b72   0x00000002   PAD
    0x08001b74   0x08001b74   0x00000010   Code   RO          631    .text.HAL_NVIC_SetPriorityGrouping  stm32f1xx_hal_cortex.o
    0x08001b84   0x08001b84   0x00000256   Code   RO          527    .text.HAL_RCC_ClockConfig  stm32f1xx_hal_rcc.o
    0x08001dda   0x08001dda   0x00000002   PAD
    0x08001ddc   0x08001ddc   0x0000000c   Code   RO          537    .text.HAL_RCC_GetHCLKFreq  stm32f1xx_hal_rcc.o
    0x08001de8   0x08001de8   0x00000022   Code   RO          539    .text.HAL_RCC_GetPCLK1Freq  stm32f1xx_hal_rcc.o
    0x08001e0a   0x08001e0a   0x00000002   PAD
    0x08001e0c   0x08001e0c   0x00000022   Code   RO          541    .text.HAL_RCC_GetPCLK2Freq  stm32f1xx_hal_rcc.o
    0x08001e2e   0x08001e2e   0x00000002   PAD
    0x08001e30   0x08001e30   0x000000bc   Code   RO          529    .text.HAL_RCC_GetSysClockFreq  stm32f1xx_hal_rcc.o
    0x08001eec   0x08001eec   0x0000067a   Code   RO          523    .text.HAL_RCC_OscConfig  stm32f1xx_hal_rcc.o
    0x08002566   0x08002566   0x00000002   PAD
    0x08002568   0x08002568   0x00000010   Code   RO          655    .text.HAL_SYSTICK_Config  stm32f1xx_hal_cortex.o
    0x08002578   0x08002578   0x00000008   Code   RO          448    .text.HAL_TIMEx_BreakCallback  stm32f1xx_hal_tim_ex.o
    0x08002580   0x08002580   0x00000008   Code   RO          444    .text.HAL_TIMEx_CommutCallback  stm32f1xx_hal_tim_ex.o
    0x08002588   0x08002588   0x00000100   Code   RO          438    .text.HAL_TIMEx_MasterConfigSynchronization  stm32f1xx_hal_tim_ex.o
    0x08002688   0x08002688   0x0000009c   Code   RO          125    .text.HAL_TIM_Base_Init  stm32f1xx_hal_tim.o
    0x08002724   0x08002724   0x0000004e   Code   RO           43    .text.HAL_TIM_Base_MspInit  tim.o
    0x08002772   0x08002772   0x00000002   PAD
    0x08002774   0x08002774   0x00000184   Code   RO          317    .text.HAL_TIM_ConfigClockSource  stm32f1xx_hal_tim.o
    0x080028f8   0x080028f8   0x00000008   Code   RO          261    .text.HAL_TIM_IC_CaptureCallback  stm32f1xx_hal_tim.o
    0x08002900   0x08002900   0x0000021a   Code   RO          259    .text.HAL_TIM_IRQHandler  stm32f1xx_hal_tim.o
    0x08002b1a   0x08002b1a   0x00000002   PAD
    0x08002b1c   0x08002b1c   0x00000008   Code   RO          263    .text.HAL_TIM_OC_DelayElapsedCallback  stm32f1xx_hal_tim.o
    0x08002b24   0x08002b24   0x00000008   Code   RO          265    .text.HAL_TIM_PWM_PulseFinishedCallback  stm32f1xx_hal_tim.o
    0x08002b2c   0x08002b2c   0x00000008   Code   RO          267    .text.HAL_TIM_PeriodElapsedCallback  stm32f1xx_hal_tim.o
    0x08002b34   0x08002b34   0x00000008   Code   RO          269    .text.HAL_TIM_TriggerCallback  stm32f1xx_hal_tim.o
    0x08002b3c   0x08002b3c   0x000000b8   Code   RO          893    .text.HAL_UARTEx_ReceiveToIdle_DMA  stm32f1xx_hal_uart.o
    0x08002bf4   0x08002bf4   0x000000b0   Code   RO          992    .text.HAL_UARTEx_RxEventCallback  serial.o
    0x08002ca4   0x08002ca4   0x00000008   Code   RO          929    .text.HAL_UART_ErrorCallback  stm32f1xx_hal_uart.o
    0x08002cac   0x08002cac   0x0000042a   Code   RO          923    .text.HAL_UART_IRQHandler  stm32f1xx_hal_uart.o
    0x080030d6   0x080030d6   0x00000002   PAD
    0x080030d8   0x080030d8   0x0000009e   Code   RO          839    .text.HAL_UART_Init  stm32f1xx_hal_uart.o
    0x08003176   0x08003176   0x00000002   PAD
    0x08003178   0x08003178   0x0000013c   Code   RO           57    .text.HAL_UART_MspInit  usart.o
    0x080032b4   0x080032b4   0x00000008   Code   RO          941    .text.HAL_UART_RxCpltCallback  stm32f1xx_hal_uart.o
    0x080032bc   0x080032bc   0x00000008   Code   RO          943    .text.HAL_UART_RxHalfCpltCallback  stm32f1xx_hal_uart.o
    0x080032c4   0x080032c4   0x000000e2   Code   RO          867    .text.HAL_UART_Transmit_DMA  stm32f1xx_hal_uart.o
    0x080033a6   0x080033a6   0x00000002   PAD
    0x080033a8   0x080033a8   0x0000009c   Code   RO          990    .text.HAL_UART_TxCpltCallback  serial.o
    0x08003444   0x08003444   0x00000008   Code   RO          939    .text.HAL_UART_TxHalfCpltCallback  stm32f1xx_hal_uart.o
    0x0800344c   0x0800344c   0x00000004   Code   RO           73    .text.HardFault_Handler  stm32f1xx_it.o
    0x08003450   0x08003450   0x00000028   Code   RO         1130    .text.Is_Timeout    sys_time.o
    0x08003478   0x08003478   0x0000004c   Code   RO           33    .text.MX_DMA_Init   dma.o
    0x080034c4   0x080034c4   0x00000042   Code   RO           25    .text.MX_GPIO_Init  gpio.o
    0x08003506   0x08003506   0x00000002   PAD
    0x08003508   0x08003508   0x00000084   Code   RO           41    .text.MX_TIM4_Init  tim.o
    0x0800358c   0x0800358c   0x00000040   Code   RO           55    .text.MX_USART1_UART_Init  usart.o
    0x080035cc   0x080035cc   0x00000004   Code   RO           75    .text.MemManage_Handler  stm32f1xx_it.o
    0x080035d0   0x080035d0   0x00000004   Code   RO           71    .text.NMI_Handler   stm32f1xx_it.o
    0x080035d4   0x080035d4   0x0000006c   Code   RO          641    .text.NVIC_EncodePriority  stm32f1xx_hal_cortex.o
    0x08003640   0x08003640   0x00000034   Code   RO         1071    .text.NotifyButton  notify.o
    0x08003674   0x08003674   0x0000003c   Code   RO         1073    .text.NotifyText    notify.o
    0x080036b0   0x080036b0   0x00000002   Code   RO           85    .text.PendSV_Handler  stm32f1xx_it.o
    0x080036b2   0x080036b2   0x00000002   PAD
    0x080036b4   0x080036b4   0x0000003a   Code   RO          525    .text.RCC_Delay     stm32f1xx_hal_rcc.o
    0x080036ee   0x080036ee   0x00000002   PAD
    0x080036f0   0x080036f0   0x00000002   Code   RO           81    .text.SVC_Handler   stm32f1xx_it.o
    0x080036f2   0x080036f2   0x00000002   PAD
    0x080036f4   0x080036f4   0x00000076   Code   RO         1101    .text.SendHistoryData  sendmessage.o
    0x0800376a   0x0800376a   0x00000002   PAD
    0x0800376c   0x0800376c   0x00000076   Code   RO         1089    .text.SendTextInt32  sendmessage.o
    0x080037e2   0x080037e2   0x00000002   PAD
    0x080037e4   0x080037e4   0x0000002c   Code   RO         1093    .text.SendTextString  sendmessage.o
    0x08003810   0x08003810   0x00000054   Code   RO         1085    .text.Send_Command  sendmessage.o
    0x08003864   0x08003864   0x00000024   Code   RO         1087    .text.Send_EndCommand  sendmessage.o
    0x08003888   0x08003888   0x00000022   Code   RO         1095    .text.String        sendmessage.o
    0x080038aa   0x080038aa   0x00000002   PAD
    0x080038ac   0x080038ac   0x00000052   Code   RO          657    .text.SysTick_Config  stm32f1xx_hal_cortex.o
    0x080038fe   0x080038fe   0x00000002   PAD
    0x08003900   0x08003900   0x0000000c   Code   RO           87    .text.SysTick_Handler  stm32f1xx_it.o
    0x0800390c   0x0800390c   0x00000010   Code   RO         1126    .text.Sys_Tick_Count  sys_time.o
    0x0800391c   0x0800391c   0x0000006c   Code   RO           13    .text.SystemClock_Config  main.o
    0x08003988   0x08003988   0x00000002   Code   RO          970    .text.SystemInit    system_stm32f1xx.o
    0x0800398a   0x0800398a   0x00000002   PAD
    0x0800398c   0x0800398c   0x00000010   Code   RO           93    .text.TIM4_IRQHandler  stm32f1xx_it.o
    0x0800399c   0x0800399c   0x00000156   Code   RO          129    .text.TIM_Base_SetConfig  stm32f1xx_hal_tim.o
    0x08003af2   0x08003af2   0x00000002   PAD
    0x08003af4   0x08003af4   0x00000034   Code   RO          315    .text.TIM_ETR_SetConfig  stm32f1xx_hal_tim.o
    0x08003b28   0x08003b28   0x0000002a   Code   RO          321    .text.TIM_ITRx_SetConfig  stm32f1xx_hal_tim.o
    0x08003b52   0x08003b52   0x00000002   PAD
    0x08003b54   0x08003b54   0x00000050   Code   RO          319    .text.TIM_TI1_ConfigInputStage  stm32f1xx_hal_tim.o
    0x08003ba4   0x08003ba4   0x00000052   Code   RO          323    .text.TIM_TI2_ConfigInputStage  stm32f1xx_hal_tim.o
    0x08003bf6   0x08003bf6   0x00000002   PAD
    0x08003bf8   0x08003bf8   0x00000020   Code   RO          927    .text.UART_DMAAbortOnError  stm32f1xx_hal_uart.o
    0x08003c18   0x08003c18   0x0000007c   Code   RO          873    .text.UART_DMAError  stm32f1xx_hal_uart.o
    0x08003c94   0x08003c94   0x000000f4   Code   RO          959    .text.UART_DMAReceiveCplt  stm32f1xx_hal_uart.o
    0x08003d88   0x08003d88   0x00000034   Code   RO          961    .text.UART_DMARxHalfCplt  stm32f1xx_hal_uart.o
    0x08003dbc   0x08003dbc   0x0000007a   Code   RO          869    .text.UART_DMATransmitCplt  stm32f1xx_hal_uart.o
    0x08003e36   0x08003e36   0x00000002   PAD
    0x08003e38   0x08003e38   0x00000016   Code   RO          871    .text.UART_DMATxHalfCplt  stm32f1xx_hal_uart.o
    0x08003e4e   0x08003e4e   0x00000002   PAD
    0x08003e50   0x08003e50   0x0000001c   Code   RO          984    .text.UART_DMA_Init  serial.o
    0x08003e6c   0x08003e6c   0x00000028   Code   RO          986    .text.UART_Driver_Init  serial.o
    0x08003e94   0x08003e94   0x00000094   Code   RO          887    .text.UART_EndRxTransfer  stm32f1xx_hal_uart.o
    0x08003f28   0x08003f28   0x00000026   Code   RO          935    .text.UART_EndTransmit_IT  stm32f1xx_hal_uart.o
    0x08003f4e   0x08003f4e   0x00000002   PAD
    0x08003f50   0x08003f50   0x00000036   Code   RO          885    .text.UART_EndTxTransfer  stm32f1xx_hal_uart.o
    0x08003f86   0x08003f86   0x00000002   PAD
    0x08003f88   0x08003f88   0x0000016a   Code   RO          925    .text.UART_Receive_IT  stm32f1xx_hal_uart.o
    0x080040f2   0x080040f2   0x00000002   PAD
    0x080040f4   0x080040f4   0x000000f4   Code   RO          988    .text.UART_SendData  serial.o
    0x080041e8   0x080041e8   0x000000ba   Code   RO          843    .text.UART_SetConfig  stm32f1xx_hal_uart.o
    0x080042a2   0x080042a2   0x00000002   PAD
    0x080042a4   0x080042a4   0x0000010c   Code   RO          877    .text.UART_Start_Receive_DMA  stm32f1xx_hal_uart.o
    0x080043b0   0x080043b0   0x00000094   Code   RO          933    .text.UART_Transmit_IT  stm32f1xx_hal_uart.o
    0x08004444   0x08004444   0x00000010   Code   RO           95    .text.USART1_IRQHandler  stm32f1xx_it.o
    0x08004454   0x08004454   0x00000004   Code   RO           79    .text.UsageFault_Handler  stm32f1xx_it.o
    0x08004458   0x08004458   0x00000038   Code   RO          649    .text.__NVIC_DisableIRQ  stm32f1xx_hal_cortex.o
    0x08004490   0x08004490   0x00000030   Code   RO          645    .text.__NVIC_EnableIRQ  stm32f1xx_hal_cortex.o
    0x080044c0   0x080044c0   0x00000010   Code   RO          637    .text.__NVIC_GetPriorityGrouping  stm32f1xx_hal_cortex.o
    0x080044d0   0x080044d0   0x00000042   Code   RO          639    .text.__NVIC_SetPriority  stm32f1xx_hal_cortex.o
    0x08004512   0x08004512   0x00000002   PAD
    0x08004514   0x08004514   0x0000003c   Code   RO          633    .text.__NVIC_SetPriorityGrouping  stm32f1xx_hal_cortex.o
    0x08004550   0x08004550   0x00000010   Code   RO         1007    .text.init_driver   driver.o
    0x08004560   0x08004560   0x0000002c   Code   RO           11    .text.main          main.o
    0x0800458c   0x0800458c   0x00000018   Code   RO         1015    .text.ringqueue_init  ringqueue.o
    0x080045a4   0x080045a4   0x00000014   Code   RO         1017    .text.ringqueue_is_empty  ringqueue.o
    0x080045b8   0x080045b8   0x00000018   Code   RO         1019    .text.ringqueue_is_full  ringqueue.o
    0x080045d0   0x080045d0   0x00000058   Code   RO         1023    .text.ringqueue_read  ringqueue.o
    0x08004628   0x08004628   0x00000064   Code   RO         1021    .text.ringqueue_write  ringqueue.o
    0x0800468c   0x0800468c   0x00000082   Code   RO         1110    .text.sys_task_create  sys_task.o
    0x0800470e   0x0800470e   0x00000002   PAD
    0x08004710   0x08004710   0x00000050   Code   RO         1116    .text.sys_task_process  sys_task.o
    0x08004760   0x08004760   0x0000000e   Code   RO         1112    .text.sys_task_start  sys_task.o
    0x0800476e   0x0800476e   0x00000002   PAD
    0x08004770   0x08004770   0x00000008   Code   RO         1042    .text.user_loop     user.o
    0x08004778   0x08004778   0x0000004a   Code   RO         1038    .text.user_setup    user.o
    0x080047c2   0x080047c2   0x00000002   PAD
    0x080047c4   0x080047c4   0x00000020   Code   RO         1149    i.__0printf         mc_w.l(printfa.o)
    0x080047e4   0x080047e4   0x0000000e   Code   RO         1233    i.__scatterload_copy  mc_w.l(handlers.o)
    0x080047f2   0x080047f2   0x00000002   Code   RO         1234    i.__scatterload_null  mc_w.l(handlers.o)
    0x080047f4   0x080047f4   0x0000000e   Code   RO         1235    i.__scatterload_zeroinit  mc_w.l(handlers.o)
    0x08004802   0x08004802   0x00000002   PAD
    0x08004804   0x08004804   0x00000184   Code   RO         1156    i._fp_digits        mc_w.l(printfa.o)
    0x08004988   0x08004988   0x000006dc   Code   RO         1157    i._printf_core      mc_w.l(printfa.o)
    0x08005064   0x08005064   0x00000024   Code   RO         1158    i._printf_post_padding  mc_w.l(printfa.o)
    0x08005088   0x08005088   0x0000002e   Code   RO         1159    i._printf_pre_padding  mc_w.l(printfa.o)
    0x080050b6   0x080050b6   0x00000012   Code   RO         1190    i.fputc             mc_w.l(fputc.o)
    0x080050c8   0x080050c8   0x00000010   Data   RO          975    .rodata.AHBPrescTable  system_stm32f1xx.o
    0x080050d8   0x080050d8   0x00000008   Data   RO          976    .rodata.APBPrescTable  system_stm32f1xx.o
    0x080050e0   0x080050e0   0x00000010   Data   RO          551    .rodata.HAL_RCC_GetSysClockFreq.aPLLMULFactorTable  stm32f1xx_hal_rcc.o
    0x080050f0   0x080050f0   0x00000002   Data   RO          552    .rodata.HAL_RCC_GetSysClockFreq.aPredivFactorTable  stm32f1xx_hal_rcc.o
    0x080050f2   0x080050f2   0x0000000d   Data   RO         1046    .rodata.str1.1      user.o
    0x080050ff   0x080050ff   0x00000024   Data   RO         1063    .rodata.str1.1      protocol.o
    0x08005123   0x08005123   0x00000001   PAD
    0x08005124   0x08005124   0x00000020   Data   RO         1232    Region$$Table       anon$$obj.o


    Execution Region RW_IRAM1 (Exec base: 0x20000000, Load base: 0x08005148, Size: 0x00000e30, Max: 0x00010000, ABSOLUTE, COMPRESSED[0x00000138])

    Exec Addr    Load Addr    Size         Type   Attr      Idx    E Section Name        Object

    0x20000000   COMPRESSED   0x00000004   Data   RW         1194    .data               mc_w.l(stdout.o)
    0x20000004   COMPRESSED   0x00000004   Data   RW          974    .data.SystemCoreClock  system_stm32f1xx.o
    0x20000008   COMPRESSED   0x00000400   Data   RW         1047    .data.sin           user.o
    0x20000408   COMPRESSED   0x00000001   Data   RW          512    .data.uwTickFreq    stm32f1xx_hal.o
    0x20000409   COMPRESSED   0x00000003   PAD
    0x2000040c   COMPRESSED   0x00000004   Data   RW          511    .data.uwTickPrio    stm32f1xx_hal.o
    0x20000410        -       0x00000022   Zero   RW         1062    .bss.DaCai_Save_Data  protocol.o
    0x20000432        -       0x0000000a   Zero   RW         1075    .bss.Threshold_test  notify.o
    0x2000043c        -       0x00000100   Zero   RW          998    .bss.UART_SendData.buffer  serial.o
    0x2000053c        -       0x00000044   Zero   RW           63    .bss.hdma_usart1_rx  usart.o
    0x20000580        -       0x00000044   Zero   RW           62    .bss.hdma_usart1_tx  usart.o
    0x200005c4        -       0x00000048   Zero   RW           47    .bss.htim4          tim.o
    0x2000060c        -       0x00000048   Zero   RW           61    .bss.huart1         usart.o
    0x20000654        -       0x00000002   Zero   RW          996    .bss.husart1__operation  serial.o
    0x20000656   COMPRESSED   0x00000002   PAD
    0x20000658        -       0x0000010c   Zero   RW         1029    .bss.husart_rx_rb   ringqueue.o
    0x20000764        -       0x0000010c   Zero   RW         1030    .bss.husart_tx_rb   ringqueue.o
    0x20000870        -       0x00000004   Zero   RW         1048    .bss.num            user.o
    0x20000874        -       0x00000004   Zero   RW         1118    .bss.sys_task_head  sys_task.o
    0x20000878        -       0x00000002   Zero   RW         1132    .bss.sys_tick       sys_time.o
    0x2000087a   COMPRESSED   0x00000002   PAD
    0x2000087c        -       0x00000014   Zero   RW         1045    .bss.task_DaCai_protocol  user.o
    0x20000890        -       0x00000014   Zero   RW         1044    .bss.task_Display_GrapDate  user.o
    0x200008a4        -       0x00000080   Zero   RW         1061    .bss.temp_buffer    protocol.o
    0x20000924        -       0x00000004   Zero   RW         1060    .bss.temp_buffer_index  protocol.o
    0x20000928        -       0x00000100   Zero   RW          997    .bss.uart_rx_dma_buffer  serial.o
    0x20000a28        -       0x00000004   Zero   RW          513    .bss.uwTick         stm32f1xx_hal.o
    0x20000a2c   COMPRESSED   0x00000004   PAD
    0x20000a30        -       0x00000400   Zero   RW            1    STACK               startup_stm32f103xe.o


==============================================================================

Image component sizes


      Code (inc. data)   RO Data    RW Data    ZI Data      Debug   Object Name

        76          0          0          0          0       2340   dma.o
        16          0          0          0          0        375   driver.o
        66          0          0          0          0        943   gpio.o
       166          0          0          0          0       1658   main.o
       112          0          0          0         10        975   notify.o
       592          0         36          0        166       3147   protocol.o
       256          0          0          0        536       1914   ringqueue.o
       466          0          0          0          0       2796   sendmessage.o
       644          0          0          0        514       4491   serial.o
        36          8        304          0       1024        804   startup_stm32f103xe.o
       188          0          0          5          4       5900   stm32f1xx_hal.o
       558          0          0          0          0       7851   stm32f1xx_hal_cortex.o
      3110          0          0          0          0       7317   stm32f1xx_hal_dma.o
       854          0          0          0          0       4263   stm32f1xx_hal_gpio.o
       100          0          0          0          0       1209   stm32f1xx_hal_msp.o
      2582          0         18          0          0       7421   stm32f1xx_hal_rcc.o
      1720          0          0          0          0      35654   stm32f1xx_hal_tim.o
       272          0          0          0          0      15042   stm32f1xx_hal_tim_ex.o
      3466          0          0          0          0      19946   stm32f1xx_hal_uart.o
       102          0          0          0          0       1411   stm32f1xx_it.o
       224          0          0          0          4       1415   sys_task.o
        68          0          0          0          2        759   sys_time.o
         2          0         24          4          0       1580   system_stm32f1xx.o
       210          0          0          0         72       5897   tim.o
       380          0          0          0        208       5682   usart.o
       192          0         13       1024         44       1267   user.o

    ----------------------------------------------------------------------
     16536          8        428       1036       2592     142057   Object Totals
         0          0         32          0          0          0   (incl. Generated)
        78          0          1          3          8          0   (incl. Padding)

    ----------------------------------------------------------------------

      Code (inc. data)   RO Data    RW Data    ZI Data      Debug   Library Member Name

        94          0          0          0          0          0   __dclz77c.o
         0          0          0          0          0          0   entry.o
         0          0          0          0          0          0   entry10a.o
         0          0          0          0          0          0   entry11a.o
         8          4          0          0          0          0   entry2.o
         4          0          0          0          0          0   entry5.o
         0          0          0          0          0          0   entry7b.o
         0          0          0          0          0          0   entry8b.o
         8          4          0          0          0          0   entry9a.o
        18          0          0          0          0         80   fputc.o
        30          0          0          0          0          0   handlers.o
        36          8          0          0          0         68   init.o
         0          0          0          0          0          0   iusefp.o
         0          0          0          0          0          0   iusesemip.o
        30          0          0          0          0         68   llshl.o
        36          0          0          0          0         68   llsshr.o
        32          0          0          0          0         68   llushr.o
        36          0          0          0          0         68   memcpya.o
        36          0          0          0          0        108   memseta.o
      2258         90          0          0          0        452   printfa.o
         0          0          0          0          0          0   semi.o
         0          0          0          4          0          0   stdout.o
        44          0          0          0          0         80   uidiv.o
        98          0          0          0          0         92   uldiv.o
        48          0          0          0          0         68   cdrcmple.o
       334          0          0          0          0        148   dadd.o
       222          0          0          0          0        100   ddiv.o
       186          0          0          0          0        176   depilogue.o
        48          0          0          0          0         68   dfixul.o
       228          0          0          0          0         96   dmul.o

    ----------------------------------------------------------------------
      3840        106          0          4          0       1808   Library Totals
         6          0          0          0          0          0   (incl. Padding)

    ----------------------------------------------------------------------

      Code (inc. data)   RO Data    RW Data    ZI Data      Debug   Library Name

      2768        106          0          4          0       1152   mc_w.l
      1066          0          0          0          0        656   mf_w.l

    ----------------------------------------------------------------------
      3840        106          0          4          0       1808   Library Totals

    ----------------------------------------------------------------------

==============================================================================


      Code (inc. data)   RO Data    RW Data    ZI Data      Debug   

     20376        114        428       1040       2592     142681   Grand Totals
     20376        114        428        312       2592     142681   ELF Image Totals (compressed)
     20376        114        428        312          0          0   ROM Totals

==============================================================================

    Total RO  Size (Code + RO Data)                20804 (  20.32kB)
    Total RW  Size (RW Data + ZI Data)              3632 (   3.55kB)
    Total ROM Size (Code + RO Data + RW Data)      21116 (  20.62kB)

==============================================================================

